Component: ARM Compiler 5.06 update 1 (build 61) Tool: armlink [4d35a8]

==============================================================================

Section Cross References

    usbh_core.o(i.USBH_DeInit) refers to usbh_core.o(i.DeInitStateMachine) for DeInitStateMachine
    usbh_core.o(i.USBH_DeInit) refers to usbh_conf.o(i.USBH_LL_Stop) for USBH_LL_Stop
    usbh_core.o(i.USBH_HandleEnum) refers to usbh_ctlreq.o(i.USBH_Get_DevDesc) for USBH_Get_DevDesc
    usbh_core.o(i.USBH_HandleEnum) refers to usbh_ctlreq.o(i.USBH_SetAddress) for USBH_SetAddress
    usbh_core.o(i.USBH_HandleEnum) refers to usbh_conf.o(i.USBH_Delay) for USBH_Delay
    usbh_core.o(i.USBH_HandleEnum) refers to usbh_pipes.o(i.USBH_OpenPipe) for USBH_OpenPipe
    usbh_core.o(i.USBH_HandleEnum) refers to usbh_ctlreq.o(i.USBH_Get_CfgDesc) for USBH_Get_CfgDesc
    usbh_core.o(i.USBH_HandleEnum) refers to usbh_ctlreq.o(i.USBH_Get_StringDesc) for USBH_Get_StringDesc
    usbh_core.o(i.USBH_Init) refers to usbh_core.o(i.DeInitStateMachine) for DeInitStateMachine
    usbh_core.o(i.USBH_Init) refers to usbh_conf.o(i.USBH_LL_Init) for USBH_LL_Init
    usbh_core.o(i.USBH_LL_Disconnect) refers to usbh_conf.o(i.USBH_LL_Stop) for USBH_LL_Stop
    usbh_core.o(i.USBH_LL_Disconnect) refers to usbh_pipes.o(i.USBH_FreePipe) for USBH_FreePipe
    usbh_core.o(i.USBH_LL_Disconnect) refers to usbh_conf.o(i.USBH_LL_Start) for USBH_LL_Start
    usbh_core.o(i.USBH_Process) refers to usbh_conf.o(i.USBH_Delay) for USBH_Delay
    usbh_core.o(i.USBH_Process) refers to usbh_conf.o(i.USBH_LL_ResetPort) for USBH_LL_ResetPort
    usbh_core.o(i.USBH_Process) refers to usbh_conf.o(i.USBH_LL_GetSpeed) for USBH_LL_GetSpeed
    usbh_core.o(i.USBH_Process) refers to usbh_pipes.o(i.USBH_AllocPipe) for USBH_AllocPipe
    usbh_core.o(i.USBH_Process) refers to usbh_pipes.o(i.USBH_OpenPipe) for USBH_OpenPipe
    usbh_core.o(i.USBH_Process) refers to usbh_core.o(i.USBH_HandleEnum) for USBH_HandleEnum
    usbh_core.o(i.USBH_Process) refers to usbh_ctlreq.o(i.USBH_SetCfg) for USBH_SetCfg
    usbh_core.o(i.USBH_Process) refers to usbh_core.o(i.DeInitStateMachine) for DeInitStateMachine
    usbh_core.o(i.USBH_ReEnumerate) refers to usbh_core.o(i.USBH_Stop) for USBH_Stop
    usbh_core.o(i.USBH_ReEnumerate) refers to usbh_conf.o(i.USBH_Delay) for USBH_Delay
    usbh_core.o(i.USBH_ReEnumerate) refers to usbh_core.o(i.DeInitStateMachine) for DeInitStateMachine
    usbh_core.o(i.USBH_ReEnumerate) refers to usbh_core.o(i.USBH_Start) for USBH_Start
    usbh_core.o(i.USBH_Start) refers to usbh_conf.o(i.USBH_LL_Start) for USBH_LL_Start
    usbh_core.o(i.USBH_Start) refers to usbh_conf.o(i.USBH_LL_DriverVBUS) for USBH_LL_DriverVBUS
    usbh_core.o(i.USBH_Stop) refers to usbh_conf.o(i.USBH_LL_Stop) for USBH_LL_Stop
    usbh_core.o(i.USBH_Stop) refers to usbh_conf.o(i.USBH_LL_DriverVBUS) for USBH_LL_DriverVBUS
    usbh_core.o(i.USBH_Stop) refers to usbh_pipes.o(i.USBH_FreePipe) for USBH_FreePipe
    usbh_pipes.o(i.USBH_ClosePipe) refers to usbh_conf.o(i.USBH_LL_ClosePipe) for USBH_LL_ClosePipe
    usbh_pipes.o(i.USBH_OpenPipe) refers to usbh_conf.o(i.USBH_LL_OpenPipe) for USBH_LL_OpenPipe
    usbh_cdc.o(i.CDC_ProcessReception) refers to usbh_conf.o(i.USBH_LL_GetURBState) for USBH_LL_GetURBState
    usbh_cdc.o(i.CDC_ProcessReception) refers to usbh_conf.o(i.USBH_LL_GetLastXferSize) for USBH_LL_GetLastXferSize
    usbh_cdc.o(i.CDC_ProcessReception) refers to usbh_ioreq.o(i.USBH_BulkReceiveData) for USBH_BulkReceiveData
    usbh_cdc.o(i.CDC_ProcessReception) refers to usbh_cdc.o(i.USBH_CDC_ReceiveCallback) for USBH_CDC_ReceiveCallback
    usbh_cdc.o(i.CDC_ProcessTransmission) refers to usbh_conf.o(i.USBH_LL_GetURBState) for USBH_LL_GetURBState
    usbh_cdc.o(i.CDC_ProcessTransmission) refers to usbh_ioreq.o(i.USBH_BulkSendData) for USBH_BulkSendData
    usbh_cdc.o(i.CDC_ProcessTransmission) refers to usbh_cdc.o(i.USBH_CDC_TransmitCallback) for USBH_CDC_TransmitCallback
    usbh_cdc.o(i.GetLineCoding) refers to usbh_ctlreq.o(i.USBH_CtlReq) for USBH_CtlReq
    usbh_cdc.o(i.USBH_CDC_ClassRequest) refers to usbh_cdc.o(i.GetLineCoding) for GetLineCoding
    usbh_cdc.o(i.USBH_CDC_GetLastReceivedDataSize) refers to usbh_conf.o(i.USBH_LL_GetLastXferSize) for USBH_LL_GetLastXferSize
    usbh_cdc.o(i.USBH_CDC_InterfaceDeInit) refers to usbh_pipes.o(i.USBH_ClosePipe) for USBH_ClosePipe
    usbh_cdc.o(i.USBH_CDC_InterfaceDeInit) refers to usbh_pipes.o(i.USBH_FreePipe) for USBH_FreePipe
    usbh_cdc.o(i.USBH_CDC_InterfaceDeInit) refers to malloc.o(i.free) for free
    usbh_cdc.o(i.USBH_CDC_InterfaceInit) refers to usbh_core.o(i.USBH_FindInterface) for USBH_FindInterface
    usbh_cdc.o(i.USBH_CDC_InterfaceInit) refers to usbh_core.o(i.USBH_SelectInterface) for USBH_SelectInterface
    usbh_cdc.o(i.USBH_CDC_InterfaceInit) refers to malloc.o(i.malloc) for malloc
    usbh_cdc.o(i.USBH_CDC_InterfaceInit) refers to usbh_pipes.o(i.USBH_AllocPipe) for USBH_AllocPipe
[...]
    i.SD_PowerON                             0x080057dc   Section        0  stm32f7xx_hal_sd.o(i.SD_PowerON)
    SD_PowerON                               0x080057dd   Thumb Code   380  stm32f7xx_hal_sd.o(i.SD_PowerON)
    i.SD_WideBus_Disable                     0x0800595c   Section        0  stm32f7xx_hal_sd.o(i.SD_WideBus_Disable)
    SD_WideBus_Disable                       0x0800595d   Thumb Code   118  stm32f7xx_hal_sd.o(i.SD_WideBus_Disable)
    i.SD_WideBus_Enable                      0x080059d2   Section        0  stm32f7xx_hal_sd.o(i.SD_WideBus_Enable)
    SD_WideBus_Enable                        0x080059d3   Thumb Code   120  stm32f7xx_hal_sd.o(i.SD_WideBus_Enable)
    i.SD_initialize                          0x08005a4c   Section        0  sd_diskio.o(i.SD_initialize)
    i.SD_ioctl                               0x08005a6c   Section        0  sd_diskio.o(i.SD_ioctl)
    i.SD_read                                0x08005ac0   Section        0  sd_diskio.o(i.SD_read)
    i.SD_status                              0x08005ae0   Section        0  sd_diskio.o(i.SD_status)
    i.SD_write                               0x08005b00   Section        0  sd_diskio.o(i.SD_write)
    i.SysTick_Handler                        0x08005b1e   Section        0  stm32f7xx_it.o(i.SysTick_Handler)
    i.SystemClock_Config                     0x08005b2c   Section        0  main.o(i.SystemClock_Config)
    i.SystemInit                             0x08005c04   Section        0  system_stm32f7xx.o(i.SystemInit)
    i.TIM_Base_SetConfig                     0x08005c58   Section        0  stm32f7xx_hal_tim.o(i.TIM_Base_SetConfig)
    i.TIM_ETR_SetConfig                      0x08005d1c   Section        0  stm32f7xx_hal_tim.o(i.TIM_ETR_SetConfig)
    i.TIM_ITRx_SetConfig                     0x08005d2e   Section        0  stm32f7xx_hal_tim.o(i.TIM_ITRx_SetConfig)
    TIM_ITRx_SetConfig                       0x08005d2f   Thumb Code    16  stm32f7xx_hal_tim.o(i.TIM_ITRx_SetConfig)
    i.TIM_OC1_SetConfig                      0x08005d40   Section        0  stm32f7xx_hal_tim.o(i.TIM_OC1_SetConfig)
    i.TIM_OC2_SetConfig                      0x08005da8   Section        0  stm32f7xx_hal_tim.o(i.TIM_OC2_SetConfig)
    i.TIM_OC3_SetConfig                      0x08005e14   Section        0  stm32f7xx_hal_tim.o(i.TIM_OC3_SetConfig)
    i.TIM_OC4_SetConfig                      0x08005e80   Section        0  stm32f7xx_hal_tim.o(i.TIM_OC4_SetConfig)
    i.TIM_OC5_SetConfig                      0x08005ed8   Section        0  stm32f7xx_hal_tim_ex.o(i.TIM_OC5_SetConfig)
    TIM_OC5_SetConfig                        0x08005ed9   Thumb Code    74  stm32f7xx_hal_tim_ex.o(i.TIM_OC5_SetConfig)
    i.TIM_OC6_SetConfig                      0x08005f30   Section        0  stm32f7xx_hal_tim_ex.o(i.TIM_OC6_SetConfig)
    TIM_OC6_SetConfig                        0x08005f31   Thumb Code    74  stm32f7xx_hal_tim_ex.o(i.TIM_OC6_SetConfig)
    i.TIM_TI1_ConfigInputStage               0x08005f88   Section        0  stm32f7xx_hal_tim.o(i.TIM_TI1_ConfigInputStage)
    TIM_TI1_ConfigInputStage                 0x08005f89   Thumb Code    34  stm32f7xx_hal_tim.o(i.TIM_TI1_ConfigInputStage)
    i.TIM_TI2_ConfigInputStage               0x08005faa   Section        0  stm32f7xx_hal_tim.o(i.TIM_TI2_ConfigInputStage)
    TIM_TI2_ConfigInputStage                 0x08005fab   Thumb Code    36  stm32f7xx_hal_tim.o(i.TIM_TI2_ConfigInputStage)
    i.UART_AdvFeatureConfig                  0x08005fce   Section        0  stm32f7xx_hal_uart.o(i.UART_AdvFeatureConfig)
    i.UART_CheckIdleState                    0x08006096   Section        0  stm32f7xx_hal_uart.o(i.UART_CheckIdleState)
    i.UART_SetConfig                         0x080060e4   Section        0  stm32f7xx_hal_uart.o(i.UART_SetConfig)
    i.UART_WaitOnFlagUntilTimeout            0x0800632c   Section        0  stm32f7xx_hal_uart.o(i.UART_WaitOnFlagUntilTimeout)
    i.USBH_AllocPipe                         0x080063be   Section        0  usbh_pipes.o(i.USBH_AllocPipe)
    i.USBH_BulkReceiveData                   0x080063f2   Section        0  usbh_ioreq.o(i.USBH_BulkReceiveData)
    i.USBH_BulkSendData                      0x08006412   Section        0  usbh_ioreq.o(i.USBH_BulkSendData)
    i.USBH_CDC_ClassRequest                  0x0800643a   Section        0  usbh_cdc.o(i.USBH_CDC_ClassRequest)
    USBH_CDC_ClassRequest                    0x0800643b   Thumb Code    36  usbh_cdc.o(i.USBH_CDC_ClassRequest)
    i.USBH_CDC_InterfaceDeInit               0x0800645e   Section        0  usbh_cdc.o(i.USBH_CDC_InterfaceDeInit)
    USBH_CDC_InterfaceDeInit                 0x0800645f   Thumb Code    94  usbh_cdc.o(i.USBH_CDC_InterfaceDeInit)
    i.USBH_CDC_InterfaceInit                 0x080064bc   Section        0  usbh_cdc.o(i.USBH_CDC_InterfaceInit)
    USBH_CDC_InterfaceInit                   0x080064bd   Thumb Code   308  usbh_cdc.o(i.USBH_CDC_InterfaceInit)
    i.USBH_CDC_LineCodingChanged             0x080065f0   Section        0  usbh_cdc.o(i.USBH_CDC_LineCodingChanged)
    i.USBH_CDC_Process                       0x080065f2   Section        0  usbh_cdc.o(i.USBH_CDC_Process)
    USBH_CDC_Process                         0x080065f3   Thumb Code   190  usbh_cdc.o(i.USBH_CDC_Process)
    i.USBH_CDC_ReceiveCallback               0x080066b0   Section        0  usbh_cdc.o(i.USBH_CDC_ReceiveCallback)
    i.USBH_CDC_SOFProcess                    0x080066b2   Section        0  usbh_cdc.o(i.USBH_CDC_SOFProcess)
    USBH_CDC_SOFProcess                      0x080066b3   Thumb Code     4  usbh_cdc.o(i.USBH_CDC_SOFProcess)
    i.USBH_CDC_TransmitCallback              0x080066b6   Section        0  usbh_cdc.o(i.USBH_CDC_TransmitCallback)
    i.USBH_ClosePipe                         0x080066b8   Section        0  usbh_pipes.o(i.USBH_ClosePipe)
    i.USBH_ClrFeature                        0x080066c2   Section        0  usbh_ctlreq.o(i.USBH_ClrFeature)
    i.USBH_CtlReceiveData                    0x080066e4   Section        0  usbh_ioreq.o(i.USBH_CtlReceiveData)
    i.USBH_CtlReq                            0x08006702   Section        0  usbh_ctlreq.o(i.USBH_CtlReq)
    i.USBH_CtlSendData                       0x08006738   Section        0  usbh_ioreq.o(i.USBH_CtlSendData)
    i.USBH_CtlSendSetup                      0x08006760   Section        0  usbh_ioreq.o(i.USBH_CtlSendSetup)
    i.USBH_Delay                             0x0800677e   Section        0  usbh_conf.o(i.USBH_Delay)
    i.USBH_FindInterface                     0x08006782   Section        0  usbh_core.o(i.USBH_FindInterface)
    i.USBH_FreePipe                          0x080067c6   Section        0  usbh_pipes.o(i.USBH_FreePipe)
    i.USBH_GetDescriptor                     0x080067de   Section        0  usbh_ctlreq.o(i.USBH_GetDescriptor)
    i.USBH_GetNextDesc                       0x08006812   Section        0  usbh_ctlreq.o(i.USBH_GetNextDesc)
    i.USBH_Get_CfgDesc                       0x08006820   Section        0  usbh_ctlreq.o(i.USBH_Get_CfgDesc)
    i.USBH_Get_DevDesc                       0x0800684c   Section        0  usbh_ctlreq.o(i.USBH_Get_DevDesc)
    i.USBH_Get_StringDesc                    0x080068e6   Section        0  usbh_ctlreq.o(i.USBH_Get_StringDesc)
    i.USBH_HandleControl                     0x0800692e   Section        0  usbh_ctlreq.o(i.USBH_HandleControl)
    USBH_HandleControl                       0x0800692f   Thumb Code   370  usbh_ctlreq.o(i.USBH_HandleControl)
    i.USBH_HandleEnum                        0x08006aa0   Section        0  usbh_core.o(i.USBH_HandleEnum)
    USBH_HandleEnum                          0x08006aa1   Thumb Code   242  usbh_core.o(i.USBH_HandleEnum)
    i.USBH_Init                              0x08006b92   Section        0  usbh_core.o(i.USBH_Init)
    i.USBH_LL_ClosePipe                      0x08006bc2   Section        0  usbh_conf.o(i.USBH_LL_ClosePipe)
    i.USBH_LL_Connect                        0x08006bd0   Section        0  usbh_core.o(i.USBH_LL_Connect)
    i.USBH_LL_Disconnect                     0x08006bf8   Section        0  usbh_core.o(i.USBH_LL_Disconnect)
    i.USBH_LL_DriverVBUS                     0x08006c30   Section        0  usbh_conf.o(i.USBH_LL_DriverVBUS)
    i.USBH_LL_GetLastXferSize                0x08006c4a   Section        0  usbh_conf.o(i.USBH_LL_GetLastXferSize)
    i.USBH_LL_GetSpeed                       0x08006c52   Section        0  usbh_conf.o(i.USBH_LL_GetSpeed)
    i.USBH_LL_GetURBState                    0x08006c74   Section        0  usbh_conf.o(i.USBH_LL_GetURBState)
    i.USBH_LL_IncTimer                       0x08006c7c   Section        0  usbh_core.o(i.USBH_LL_IncTimer)
    i.USBH_LL_Init                           0x08006c9c   Section        0  usbh_conf.o(i.USBH_LL_Init)
    i.USBH_LL_OpenPipe                       0x08006ce4   Section        0  usbh_conf.o(i.USBH_LL_OpenPipe)
    i.USBH_LL_ResetPort                      0x08006cfc   Section        0  usbh_conf.o(i.USBH_LL_ResetPort)
    i.USBH_LL_SetTimer                       0x08006d0a   Section        0  usbh_core.o(i.USBH_LL_SetTimer)
    i.USBH_LL_SetToggle                      0x08006d10   Section        0  usbh_conf.o(i.USBH_LL_SetToggle)
    i.USBH_LL_Start                          0x08006d30   Section        0  usbh_conf.o(i.USBH_LL_Start)
    i.USBH_LL_Stop                           0x08006d3e   Section        0  usbh_conf.o(i.USBH_LL_Stop)
    i.USBH_LL_SubmitURB                      0x08006d4c   Section        0  usbh_conf.o(i.USBH_LL_SubmitURB)
    i.USBH_OpenPipe                          0x08006d6c   Section        0  usbh_pipes.o(i.USBH_OpenPipe)
    i.USBH_ParseCfgDesc                      0x08006d80   Section        0  usbh_ctlreq.o(i.USBH_ParseCfgDesc)
    USBH_ParseCfgDesc                        0x08006d81   Thumb Code   234  usbh_ctlreq.o(i.USBH_ParseCfgDesc)
    i.USBH_Process                           0x08006e6a   Section        0  usbh_core.o(i.USBH_Process)
    i.USBH_RegisterClass                     0x08006fd2   Section        0  usbh_core.o(i.USBH_RegisterClass)
    i.USBH_SelectInterface                   0x08006ff0   Section        0  usbh_core.o(i.USBH_SelectInterface)
    i.USBH_SetAddress                        0x08007006   Section        0  usbh_ctlreq.o(i.USBH_SetAddress)
    i.USBH_SetCfg                            0x08007022   Section        0  usbh_ctlreq.o(i.USBH_SetCfg)
    i.USBH_Start                             0x0800703e   Section        0  usbh_core.o(i.USBH_Start)
    i.USBH_UserProcess                       0x08007054   Section        0  usb_host.o(i.USBH_UserProcess)
    USBH_UserProcess                         0x08007055   Thumb Code    28  usb_host.o(i.USBH_UserProcess)
    i.USB_CoreInit                           0x08007074   Section        0  stm32f7xx_ll_usb.o(i.USB_CoreInit)
    i.USB_CoreReset                          0x080070e4   Section        0  stm32f7xx_ll_usb.o(i.USB_CoreReset)
    USB_CoreReset                            0x080070e5   Thumb Code    50  stm32f7xx_ll_usb.o(i.USB_CoreReset)
    i.USB_DisableGlobalInt                   0x0800711c   Section        0  stm32f7xx_ll_usb.o(i.USB_DisableGlobalInt)
    i.USB_DoPing                             0x08007128   Section        0  stm32f7xx_ll_usb.o(i.USB_DoPing)
    i.USB_DriveVbus                          0x08007168   Section        0  stm32f7xx_ll_usb.o(i.USB_DriveVbus)
    i.USB_EnableGlobalInt                    0x08007194   Section        0  stm32f7xx_ll_usb.o(i.USB_EnableGlobalInt)
    i.USB_FlushRxFifo                        0x080071a0   Section        0  stm32f7xx_ll_usb.o(i.USB_FlushRxFifo)
    i.USB_FlushTxFifo                        0x080071c0   Section        0  stm32f7xx_ll_usb.o(i.USB_FlushTxFifo)
    i.USB_GetCurrentFrame                    0x080071e4   Section        0  stm32f7xx_ll_usb.o(i.USB_GetCurrentFrame)
    i.USB_GetHostSpeed                       0x080071ec   Section        0  stm32f7xx_ll_usb.o(i.USB_GetHostSpeed)
    i.USB_GetMode                            0x080071fa   Section        0  stm32f7xx_ll_usb.o(i.USB_GetMode)
    i.USB_HC_Halt                            0x08007202   Section        0  stm32f7xx_ll_usb.o(i.USB_HC_Halt)
    i.USB_HC_Init                            0x0800737a   Section        0  stm32f7xx_ll_usb.o(i.USB_HC_Init)
    i.USB_HC_ReadInterrupt                   0x08007460   Section        0  stm32f7xx_ll_usb.o(i.USB_HC_ReadInterrupt)
    i.USB_HC_StartXfer                       0x0800746c   Section        0  stm32f7xx_ll_usb.o(i.USB_HC_StartXfer)
    i.USB_HostInit                           0x080075f4   Section        0  stm32f7xx_ll_usb.o(i.USB_HostInit)
    i.USB_InitFSLSPClkSel                    0x080076b8   Section        0  stm32f7xx_ll_usb.o(i.USB_InitFSLSPClkSel)
    i.USB_ReadInterrupts                     0x080076f0   Section        0  stm32f7xx_ll_usb.o(i.USB_ReadInterrupts)
    i.USB_ReadPacket                         0x080076f8   Section        0  stm32f7xx_ll_usb.o(i.USB_ReadPacket)
    i.USB_ResetPort                          0x08007716   Section        0  stm32f7xx_ll_usb.o(i.USB_ResetPort)
    i.USB_SetCurrentMode                     0x08007742   Section        0  stm32f7xx_ll_usb.o(i.USB_SetCurrentMode)
    i.USB_StopHost                           0x0800776e   Section        0  stm32f7xx_ll_usb.o(i.USB_StopHost)
    i.USB_WritePacket                        0x08007820   Section        0  stm32f7xx_ll_usb.o(i.USB_WritePacket)
    i.__scatterload_copy                     0x0800784c   Section       14  handlers.o(i.__scatterload_copy)
    i.__scatterload_null                     0x0800785a   Section        2  handlers.o(i.__scatterload_null)
    i.__scatterload_zeroinit                 0x0800785c   Section       14  handlers.o(i.__scatterload_zeroinit)
    i.free                                   0x0800786c   Section        0  malloc.o(i.free)
    i.main                                   0x080078bc   Section        0  main.o(i.main)
    i.malloc                                 0x08007a38   Section        0  malloc.o(i.malloc)
    .constdata                               0x08007aa4   Section       20  sd_diskio.o(.constdata)
    .constdata                               0x08007ab8   Section       16  stm32f7xx_hal_rcc.o(.constdata)
    .conststring                             0x08007ac8   Section        4  usbh_cdc.o(.conststring)
    .data                                    0x20000000   Section       32  usbh_cdc.o(.data)
    .data                                    0x20000020   Section        5  fatfs.o(.data)
    .data                                    0x20000025   Section        1  usb_host.o(.data)
    .data                                    0x20000028   Section       12  stm32f7xx_hal_msp.o(.data)
    FMC_Initialized                          0x20000028   Data           4  stm32f7xx_hal_msp.o(.data)
    FMC_DeInitialized                        0x2000002c   Data           4  stm32f7xx_hal_msp.o(.data)
    .data                                    0x20000034   Section        1  sd_diskio.o(.data)
    Stat                                     0x20000034   Data           1  sd_diskio.o(.data)
    .data                                    0x20000038   Section        4  system_stm32f7xx.o(.data)
    .data                                    0x2000003c   Section        4  stm32f7xx_hal.o(.data)
    uwTick                                   0x2000003c   Data           4  stm32f7xx_hal.o(.data)
    .data                                    0x20000040   Section        4  mvars.o(.data)
    .data                                    0x20000044   Section        4  mvars.o(.data)
    .bss                                     0x20000048   Section      968  usb_host.o(.bss)
    .bss                                     0x20000410   Section     2536  main.o(.bss)
    .bss                                     0x20000df8   Section      660  usbh_conf.o(.bss)
    .bss                                     0x2000108c   Section       12  ff_gen_drv.o(.bss)
    HEAP                                     0x20001098   Section     1024  startup_stm32f746xx.o(HEAP)
    STACK                                    0x20001498   Section      512  startup_stm32f746xx.o(STACK)

    Global Symbols

    Symbol Name                              Value     Ov Type        Size  Object(Section)

    BuildAttributes$$THM_ISAv4$E$P$D$K$B$S$7EM$VFPi5$EXTD16$VFPS$VFMA$PE$PLD8$A:L22UL41UL21$X:L11$S22US41US21$IEEE1$IW$USESV6$~STKCKD$USESV7$~SHL$OSPACE$EBA8$MICROLIB$REQ8$PRES8$EABIv2 0x00000000   Number         0  anon$$obj.o ABSOLUTE
    __ARM_use_no_argv                        0x00000000   Number         0  main.o ABSOLUTE
    __cpp_initialize__aeabi_                  - Undefined Weak Reference
    __cxa_finalize                            - Undefined Weak Reference
    __decompress                              - Undefined Weak Reference
    _clock_init                               - Undefined Weak Reference
    _microlib_exit                            - Undefined Weak Reference
    __Vectors_Size                           0x000001c8   Number         0  startup_stm32f746xx.o ABSOLUTE
    __Vectors                                0x08000000   Data           4  startup_stm32f746xx.o(RESET)
    __Vectors_End                            0x080001c8   Data           0  startup_stm32f746xx.o(RESET)
    __main                                   0x080001c9   Thumb Code     0  entry.o(.ARM.Collect$$$$00000000)
    _main_stk                                0x080001c9   Thumb Code     0  entry2.o(.ARM.Collect$$$$00000001)
    _main_scatterload                        0x080001cd   Thumb Code     0  entry5.o(.ARM.Collect$$$$00000004)
    __main_after_scatterload                 0x080001d1   Thumb Code     0  entry5.o(.ARM.Collect$$$$00000004)
    _main_clock                              0x080001d1   Thumb Code     0  entry7b.o(.ARM.Collect$$$$00000008)
    _main_cpp_init                           0x080001d1   Thumb Code     0  entry8b.o(.ARM.Collect$$$$0000000A)
    _main_init                               0x080001d1   Thumb Code     0  entry9a.o(.ARM.Collect$$$$0000000B)
    __rt_final_cpp                           0x080001d9   Thumb Code     0  entry10a.o(.ARM.Collect$$$$0000000D)
    __rt_final_exit                          0x080001d9   Thumb Code     0  entry11a.o(.ARM.Collect$$$$0000000F)
    Reset_Handler                            0x080001dd   Thumb Code     8  startup_stm32f746xx.o(.text)
    NMI_Handler                              0x080001e5   Thumb Code     2  startup_stm32f746xx.o(.text)
    HardFault_Handler                        0x080001e7   Thumb Code     2  startup_stm32f746xx.o(.text)
    MemManage_Handler                        0x080001e9   Thumb Code     2  startup_stm32f746xx.o(.text)
    BusFault_Handler                         0x080001eb   Thumb Code     2  startup_stm32f746xx.o(.text)
    UsageFault_Handler                       0x080001ed   Thumb Code     2  startup_stm32f746xx.o(.text)
    SVC_Handler                              0x080001ef   Thumb Code     2  startup_stm32f746xx.o(.text)
    DebugMon_Handler                         0x080001f1   Thumb Code     2  startup_stm32f746xx.o(.text)
    PendSV_Handler                           0x080001f3   Thumb Code     2  startup_stm32f746xx.o(.text)
    ADC_IRQHandler                           0x080001f7   Thumb Code     0  startup_stm32f746xx.o(.text)
    CAN1_RX0_IRQHandler                      0x080001f7   Thumb Code     0  startup_stm32f746xx.o(.text)
    CAN1_RX1_IRQHandler                      0x080001f7   Thumb Code     0  startup_stm32f746xx.o(.text)
    CAN1_SCE_IRQHandler                      0x080001f7   Thumb Code     0  startup_stm32f746xx.o(.text)
    CAN1_TX_IRQHandler                       0x080001f7   Thumb Code     0  startup_stm32f746xx.o(.text)
    CAN2_RX0_IRQHandler                      0x080001f7   Thumb Code     0  startup_stm32f746xx.o(.text)
    CAN2_RX1_IRQHandler                      0x080001f7   Thumb Code     0  startup_stm32f746xx.o(.text)
    CAN2_SCE_IRQHandler                      0x080001f7   Thumb Code     0  startup_stm32f746xx.o(.text)
    CAN2_TX_IRQHandler                       0x080001f7   Thumb Code     0  startup_stm32f746xx.o(.text)
    CEC_IRQHandler                           0x080001f7   Thumb Code     0  startup_stm32f746xx.o(.text)
    DCMI_IRQHandler                          0x080001f7   Thumb Code     0  startup_stm32f746xx.o(.text)
    DMA1_Stream0_IRQHandler                  0x080001f7   Thumb Code     0  startup_stm32f746xx.o(.text)
    DMA1_Stream1_IRQHandler                  0x080001f7   Thumb Code     0  startup_stm32f746xx.o(.text)
    DMA1_Stream2_IRQHandler                  0x080001f7   Thumb Code     0  startup_stm32f746xx.o(.text)
    DMA1_Stream3_IRQHandler                  0x080001f7   Thumb Code     0  startup_stm32f746xx.o(.text)
    DMA1_Stream4_IRQHandler                  0x080001f7   Thumb Code     0  startup_stm32f746xx.o(.text)
    DMA1_Stream5_IRQHandler                  0x080001f7   Thumb Code     0  startup_stm32f746xx.o(.text)
    DMA1_Stream6_IRQHandler                  0x080001f7   Thumb Code     0  startup_stm32f746xx.o(.text)
    DMA1_Stream7_IRQHandler                  0x080001f7   Thumb Code     0  startup_stm32f746xx.o(.text)
    DMA2D_IRQHandler                         0x080001f7   Thumb Code     0  startup_stm32f746xx.o(.text)
    DMA2_Stream0_IRQHandler                  0x080001f7   Thumb Code     0  startup_stm32f746xx.o(.text)
    DMA2_Stream1_IRQHandler                  0x080001f7   Thumb Code     0  startup_stm32f746xx.o(.text)
    DMA2_Stream2_IRQHandler                  0x080001f7   Thumb Code     0  startup_stm32f746xx.o(.text)
    DMA2_Stream3_IRQHandler                  0x080001f7   Thumb Code     0  startup_stm32f746xx.o(.text)
    DMA2_Stream4_IRQHandler                  0x080001f7   Thumb Code     0  startup_stm32f746xx.o(.text)
    DMA2_Stream5_IRQHandler                  0x080001f7   Thumb Code     0  startup_stm32f746xx.o(.text)
    DMA2_Stream6_IRQHandler                  0x080001f7   Thumb Code     0  startup_stm32f746xx.o(.text)
    DMA2_Stream7_IRQHandler                  0x080001f7   Thumb Code     0  startup_stm32f746xx.o(.text)
    ETH_IRQHandler                           0x080001f7   Thumb Code     0  startup_stm32f746xx.o(.text)
    ETH_WKUP_IRQHandler                      0x080001f7   Thumb Code     0  startup_stm32f746xx.o(.text)
    EXTI0_IRQHandler                         0x080001f7   Thumb Code     0  startup_stm32f746xx.o(.text)
    EXTI15_10_IRQHandler                     0x080001f7   Thumb Code     0  startup_stm32f746xx.o(.text)
    EXTI1_IRQHandler                         0x080001f7   Thumb Code     0  startup_stm32f746xx.o(.text)
    EXTI2_IRQHandler                         0x080001f7   Thumb Code     0  startup_stm32f746xx.o(.text)
    EXTI3_IRQHandler                         0x080001f7   Thumb Code     0  startup_stm32f746xx.o(.text)
    EXTI4_IRQHandler                         0x080001f7   Thumb Code     0  startup_stm32f746xx.o(.text)
    EXTI9_5_IRQHandler                       0x080001f7   Thumb Code     0  startup_stm32f746xx.o(.text)
    FLASH_IRQHandler                         0x080001f7   Thumb Code     0  startup_stm32f746xx.o(.text)
    FMC_IRQHandler                           0x080001f7   Thumb Code     0  startup_stm32f746xx.o(.text)
    FPU_IRQHandler                           0x080001f7   Thumb Code     0  startup_stm32f746xx.o(.text)
    I2C1_ER_IRQHandler                       0x080001f7   Thumb Code     0  startup_stm32f746xx.o(.text)
    I2C1_EV_IRQHandler                       0x080001f7   Thumb Code     0  startup_stm32f746xx.o(.text)
    I2C2_ER_IRQHandler                       0x080001f7   Thumb Code     0  startup_stm32f746xx.o(.text)
    I2C2_EV_IRQHandler                       0x080001f7   Thumb Code     0  startup_stm32f746xx.o(.text)
    I2C3_ER_IRQHandler                       0x080001f7   Thumb Code     0  startup_stm32f746xx.o(.text)
    I2C3_EV_IRQHandler                       0x080001f7   Thumb Code     0  startup_stm32f746xx.o(.text)
    I2C4_ER_IRQHandler                       0x080001f7   Thumb Code     0  startup_stm32f746xx.o(.text)
    I2C4_EV_IRQHandler                       0x080001f7   Thumb Code     0  startup_stm32f746xx.o(.text)
    LPTIM1_IRQHandler                        0x080001f7   Thumb Code     0  startup_stm32f746xx.o(.text)
    LTDC_ER_IRQHandler                       0x080001f7   Thumb Code     0  startup_stm32f746xx.o(.text)
    LTDC_IRQHandler                          0x080001f7   Thumb Code     0  startup_stm32f746xx.o(.text)
    OTG_FS_WKUP_IRQHandler                   0x080001f7   Thumb Code     0  startup_stm32f746xx.o(.text)
    OTG_HS_EP1_IN_IRQHandler                 0x080001f7   Thumb Code     0  startup_stm32f746xx.o(.text)
    OTG_HS_EP1_OUT_IRQHandler                0x080001f7   Thumb Code     0  startup_stm32f746xx.o(.text)
    OTG_HS_WKUP_IRQHandler                   0x080001f7   Thumb Code     0  startup_stm32f746xx.o(.text)
    PVD_IRQHandler                           0x080001f7   Thumb Code     0  startup_stm32f746xx.o(.text)
    QUADSPI_IRQHandler                       0x080001f7   Thumb Code     0  startup_stm32f746xx.o(.text)
    RCC_IRQHandler                           0x080001f7   Thumb Code     0  startup_stm32f746xx.o(.text)
    RNG_IRQHandler                           0x080001f7   Thumb Code     0  startup_stm32f746xx.o(.text)
    RTC_Alarm_IRQHandler                     0x080001f7   Thumb Code     0  startup_stm32f746xx.o(.text)
    RTC_WKUP_IRQHandler                      0x080001f7   Thumb Code     0  startup_stm32f746xx.o(.text)
    SAI1_IRQHandler                          0x080001f7   Thumb Code     0  startup_stm32f746xx.o(.text)
    SAI2_IRQHandler                          0x080001f7   Thumb Code     0  startup_stm32f746xx.o(.text)
    SDMMC1_IRQHandler                        0x080001f7   Thumb Code     0  startup_stm32f746xx.o(.text)
    SPDIF_RX_IRQHandler                      0x080001f7   Thumb Code     0  startup_stm32f746xx.o(.text)
    SPI1_IRQHandler                          0x080001f7   Thumb Code     0  startup_stm32f746xx.o(.text)
    SPI2_IRQHandler                          0x080001f7   Thumb Code     0  startup_stm32f746xx.o(.text)
    SPI3_IRQHandler                          0x080001f7   Thumb Code     0  startup_stm32f746xx.o(.text)
    SPI4_IRQHandler                          0x080001f7   Thumb Code     0  startup_stm32f746xx.o(.text)
    SPI5_IRQHandler                          0x080001f7   Thumb Code     0  startup_stm32f746xx.o(.text)
    SPI6_IRQHandler                          0x080001f7   Thumb Code     0  startup_stm32f746xx.o(.text)
    TAMP_STAMP_IRQHandler                    0x080001f7   Thumb Code     0  startup_stm32f746xx.o(.text)
    TIM1_BRK_TIM9_IRQHandler                 0x080001f7   Thumb Code     0  startup_stm32f746xx.o(.text)
    TIM1_CC_IRQHandler                       0x080001f7   Thumb Code     0  startup_stm32f746xx.o(.text)
    TIM1_TRG_COM_TIM11_IRQHandler            0x080001f7   Thumb Code     0  startup_stm32f746xx.o(.text)
    TIM1_UP_TIM10_IRQHandler                 0x080001f7   Thumb Code     0  startup_stm32f746xx.o(.text)
    TIM2_IRQHandler                          0x080001f7   Thumb Code     0  startup_stm32f746xx.o(.text)
    TIM3_IRQHandler                          0x080001f7   Thumb Code     0  startup_stm32f746xx.o(.text)
    TIM4_IRQHandler                          0x080001f7   Thumb Code     0  startup_stm32f746xx.o(.text)
    TIM5_IRQHandler                          0x080001f7   Thumb Code     0  startup_stm32f746xx.o(.text)
    TIM6_DAC_IRQHandler                      0x080001f7   Thumb Code     0  startup_stm32f746xx.o(.text)
    TIM7_IRQHandler                          0x080001f7   Thumb Code     0  startup_stm32f746xx.o(.text)
    TIM8_BRK_TIM12_IRQHandler                0x080001f7   Thumb Code     0  startup_stm32f746xx.o(.text)
    TIM8_CC_IRQHandler                       0x080001f7   Thumb Code     0  startup_stm32f746xx.o(.text)
    TIM8_TRG_COM_TIM14_IRQHandler            0x080001f7   Thumb Code     0  startup_stm32f746xx.o(.text)
    TIM8_UP_TIM13_IRQHandler                 0x080001f7   Thumb Code     0  startup_stm32f746xx.o(.text)
    UART4_IRQHandler                         0x080001f7   Thumb Code     0  startup_stm32f746xx.o(.text)
    UART5_IRQHandler                         0x080001f7   Thumb Code     0  startup_stm32f746xx.o(.text)
    UART7_IRQHandler                         0x080001f7   Thumb Code     0  startup_stm32f746xx.o(.text)
    UART8_IRQHandler                         0x080001f7   Thumb Code     0  startup_stm32f746xx.o(.text)
    USART1_IRQHandler                        0x080001f7   Thumb Code     0  startup_stm32f746xx.o(.text)
    USART2_IRQHandler                        0x080001f7   Thumb Code     0  startup_stm32f746xx.o(.text)
    USART3_IRQHandler                        0x080001f7   Thumb Code     0  startup_stm32f746xx.o(.text)
    USART6_IRQHandler                        0x080001f7   Thumb Code     0  startup_stm32f746xx.o(.text)
    WWDG_IRQHandler                          0x080001f7   Thumb Code     0  startup_stm32f746xx.o(.text)
    __aeabi_memcpy                           0x08000201   Thumb Code    36  memcpya.o(.text)
    __aeabi_memcpy4                          0x08000201   Thumb Code     0  memcpya.o(.text)
    __aeabi_memcpy8                          0x08000201   Thumb Code     0  memcpya.o(.text)
    __scatterload                            0x08000225   Thumb Code    28  init.o(.text)
    __scatterload_rt2                        0x08000225   Thumb Code     0  init.o(.text)
    BSP_SD_GetCardInfo                       0x08000381   Thumb Code     8  bsp_driver_sd.o(i.BSP_SD_GetCardInfo)
    BSP_SD_GetStatus                         0x0800038d   Thumb Code     6  bsp_driver_sd.o(i.BSP_SD_GetStatus)
    BSP_SD_Init                              0x08000399   Thumb Code    44  bsp_driver_sd.o(i.BSP_SD_Init)
    BSP_SD_IsDetected                        0x080003cd   Thumb Code    30  bsp_driver_sd.o(i.BSP_SD_IsDetected)
    BSP_SD_ReadBlocks                        0x080003f1   Thumb Code    26  bsp_driver_sd.o(i.BSP_SD_ReadBlocks)
    BSP_SD_WriteBlocks                       0x08000411   Thumb Code    26  bsp_driver_sd.o(i.BSP_SD_WriteBlocks)
    FATFS_LinkDriver                         0x0800067d   Thumb Code     6  ff_gen_drv.o(i.FATFS_LinkDriver)
    FATFS_LinkDriverEx                       0x08000685   Thumb Code    60  ff_gen_drv.o(i.FATFS_LinkDriverEx)
    FMC_SDRAM_Init                           0x080006c5   Thumb Code    94  stm32f7xx_ll_fmc.o(i.FMC_SDRAM_Init)
    FMC_SDRAM_Timing_Init                    0x08000723   Thumb Code   130  stm32f7xx_ll_fmc.o(i.FMC_SDRAM_Timing_Init)
    HAL_ADC_ConfigChannel                    0x080007c1   Thumb Code   338  stm32f7xx_hal_adc.o(i.HAL_ADC_ConfigChannel)
    HAL_ADC_Init                             0x08000925   Thumb Code    84  stm32f7xx_hal_adc.o(i.HAL_ADC_Init)
    HAL_ADC_MspInit                          0x08000979   Thumb Code    72  stm32f7xx_hal_msp.o(i.HAL_ADC_MspInit)
    HAL_DCMI_Init                            0x080009d1   Thumb Code   182  stm32f7xx_hal_dcmi_ex.o(i.HAL_DCMI_Init)
    HAL_DCMI_MspInit                         0x08000a91   Thumb Code   142  stm32f7xx_hal_msp.o(i.HAL_DCMI_MspInit)
    HAL_Delay                                0x08000b3d   Thumb Code    22  stm32f7xx_hal.o(i.HAL_Delay)
    HAL_ETH_Init                             0x08000b55   Thumb Code   456  stm32f7xx_hal_eth.o(i.HAL_ETH_Init)
    HAL_ETH_MspInit                          0x08000d45   Thumb Code   136  stm32f7xx_hal_msp.o(i.HAL_ETH_MspInit)
    HAL_ETH_ReadPHYRegister                  0x08000de1   Thumb Code   134  stm32f7xx_hal_eth.o(i.HAL_ETH_ReadPHYRegister)
    HAL_ETH_WritePHYRegister                 0x08000e69   Thumb Code   122  stm32f7xx_hal_eth.o(i.HAL_ETH_WritePHYRegister)
    HAL_GPIO_Init                            0x08000fb5   Thumb Code   418  stm32f7xx_hal_gpio.o(i.HAL_GPIO_Init)
    HAL_GPIO_ReadPin                         0x0800118d   Thumb Code    10  stm32f7xx_hal_gpio.o(i.HAL_GPIO_ReadPin)
    HAL_GPIO_WritePin                        0x08001197   Thumb Code    10  stm32f7xx_hal_gpio.o(i.HAL_GPIO_WritePin)
    HAL_GetTick                              0x080011a1   Thumb Code     6  stm32f7xx_hal.o(i.HAL_GetTick)
    HAL_HCD_Connect_Callback                 0x080011ad   Thumb Code     8  usbh_conf.o(i.HAL_HCD_Connect_Callback)
    HAL_HCD_Disconnect_Callback              0x080011b5   Thumb Code     8  usbh_conf.o(i.HAL_HCD_Disconnect_Callback)
    HAL_HCD_GetCurrentFrame                  0x080011bd   Thumb Code     6  stm32f7xx_hal_hcd.o(i.HAL_HCD_GetCurrentFrame)
    HAL_HCD_GetCurrentSpeed                  0x080011c3   Thumb Code     6  stm32f7xx_hal_hcd.o(i.HAL_HCD_GetCurrentSpeed)
    HAL_HCD_HC_GetURBState                   0x080011c9   Thumb Code    14  stm32f7xx_hal_hcd.o(i.HAL_HCD_HC_GetURBState)
    HAL_HCD_HC_GetXferCount                  0x080011d7   Thumb Code    12  stm32f7xx_hal_hcd.o(i.HAL_HCD_HC_GetXferCount)
    HAL_HCD_HC_Halt                          0x080011e3   Thumb Code    36  stm32f7xx_hal_hcd.o(i.HAL_HCD_HC_Halt)
    HAL_HCD_HC_Init                          0x08001207   Thumb Code    92  stm32f7xx_hal_hcd.o(i.HAL_HCD_HC_Init)
    HAL_HCD_HC_NotifyURBChange_Callback      0x08001263   Thumb Code     2  usbh_conf.o(i.HAL_HCD_HC_NotifyURBChange_Callback)
    HAL_HCD_HC_SubmitRequest                 0x08001265   Thumb Code   190  stm32f7xx_hal_hcd.o(i.HAL_HCD_HC_SubmitRequest)
    HAL_HCD_IRQHandler                       0x08001325   Thumb Code   302  stm32f7xx_hal_hcd.o(i.HAL_HCD_IRQHandler)
    HAL_HCD_Init                             0x08001453   Thumb Code    90  stm32f7xx_hal_hcd.o(i.HAL_HCD_Init)
    HAL_HCD_MspInit                          0x080014ad   Thumb Code   246  usbh_conf.o(i.HAL_HCD_MspInit)
    HAL_HCD_ResetPort                        0x080015bd   Thumb Code     6  stm32f7xx_hal_hcd.o(i.HAL_HCD_ResetPort)
    HAL_HCD_SOF_Callback                     0x080015c3   Thumb Code     8  usbh_conf.o(i.HAL_HCD_SOF_Callback)
    HAL_HCD_Start                            0x080015cb   Thumb Code    44  stm32f7xx_hal_hcd.o(i.HAL_HCD_Start)
    HAL_HCD_Stop                             0x080015f7   Thumb Code    36  stm32f7xx_hal_hcd.o(i.HAL_HCD_Stop)
    HAL_I2CEx_ConfigAnalogFilter             0x0800161b   Thumb Code   118  stm32f7xx_hal_i2c_ex.o(i.HAL_I2CEx_ConfigAnalogFilter)
    HAL_I2C_Init                             0x08001691   Thumb Code   166  stm32f7xx_hal_i2c.o(i.HAL_I2C_Init)
    HAL_I2C_MspInit                          0x0800173d   Thumb Code   110  stm32f7xx_hal_msp.o(i.HAL_I2C_MspInit)
    HAL_IncTick                              0x080017c1   Thumb Code    10  stm32f7xx_hal.o(i.HAL_IncTick)
    HAL_Init                                 0x080017d1   Thumb Code    22  stm32f7xx_hal.o(i.HAL_Init)
    HAL_InitTick                             0x080017e7   Thumb Code    34  stm32f7xx_hal.o(i.HAL_InitTick)
    HAL_LTDC_ConfigLayer                     0x08001809   Thumb Code    82  stm32f7xx_hal_ltdc.o(i.HAL_LTDC_ConfigLayer)
    HAL_LTDC_Init                            0x0800185d   Thumb Code   252  stm32f7xx_hal_ltdc.o(i.HAL_LTDC_Init)
    HAL_LTDC_MspInit                         0x0800195d   Thumb Code   146  stm32f7xx_hal_msp.o(i.HAL_LTDC_MspInit)
    HAL_MspInit                              0x08001a0d   Thumb Code    22  stm32f7xx_hal_msp.o(i.HAL_MspInit)
    HAL_NVIC_EnableIRQ                       0x08001a23   Thumb Code    22  stm32f7xx_hal_cortex.o(i.HAL_NVIC_EnableIRQ)
    HAL_NVIC_SetPriority                     0x08001a39   Thumb Code    60  stm32f7xx_hal_cortex.o(i.HAL_NVIC_SetPriority)
    HAL_NVIC_SetPriorityGrouping             0x08001a79   Thumb Code    28  stm32f7xx_hal_cortex.o(i.HAL_NVIC_SetPriorityGrouping)
    HAL_QSPI_Init                            0x08001a9d   Thumb Code   178  stm32f7xx_hal_qspi.o(i.HAL_QSPI_Init)
    HAL_QSPI_MspInit                         0x08001b59   Thumb Code   136  stm32f7xx_hal_msp.o(i.HAL_QSPI_MspInit)
    HAL_RCCEx_GetPeriphCLKFreq               0x08001bf5   Thumb Code   268  stm32f7xx_hal_rcc_ex.o(i.HAL_RCCEx_GetPeriphCLKFreq)
    HAL_RCCEx_PeriphCLKConfig                0x08001d15   Thumb Code  1708  stm32f7xx_hal_rcc_ex.o(i.HAL_RCCEx_PeriphCLKConfig)
    HAL_RCC_ClockConfig                      0x080023c5   Thumb Code   450  stm32f7xx_hal_rcc.o(i.HAL_RCC_ClockConfig)
    HAL_RCC_GetHCLKFreq                      0x08002591   Thumb Code    38  stm32f7xx_hal_rcc.o(i.HAL_RCC_GetHCLKFreq)
    HAL_RCC_GetPCLK1Freq                     0x080025c5   Thumb Code    36  stm32f7xx_hal_rcc.o(i.HAL_RCC_GetPCLK1Freq)
    HAL_RCC_GetPCLK2Freq                     0x080025f1   Thumb Code    36  stm32f7xx_hal_rcc.o(i.HAL_RCC_GetPCLK2Freq)
    HAL_RCC_GetSysClockFreq                  0x0800261d   Thumb Code   120  stm32f7xx_hal_rcc.o(i.HAL_RCC_GetSysClockFreq)
    HAL_RCC_OscConfig                        0x080026a1   Thumb Code   914  stm32f7xx_hal_rcc.o(i.HAL_RCC_OscConfig)
    HAL_RTCEx_SetTimeStamp                   0x08002a3d   Thumb Code    90  stm32f7xx_hal_rtc_ex.o(i.HAL_RTCEx_SetTimeStamp)
    HAL_RTC_Init                             0x08002a99   Thumb Code   156  stm32f7xx_hal_rtc.o(i.HAL_RTC_Init)
    HAL_RTC_MspInit                          0x08002b39   Thumb Code    20  stm32f7xx_hal_msp.o(i.HAL_RTC_MspInit)
    HAL_RTC_SetAlarm                         0x08002b55   Thumb Code   390  stm32f7xx_hal_rtc.o(i.HAL_RTC_SetAlarm)
    HAL_RTC_SetDate                          0x08002cdd   Thumb Code   208  stm32f7xx_hal_rtc.o(i.HAL_RTC_SetDate)
    HAL_RTC_SetTime                          0x08002db1   Thumb Code   238  stm32f7xx_hal_rtc.o(i.HAL_RTC_SetTime)
    HAL_RTC_WaitForSynchro                   0x08002ea5   Thumb Code    54  stm32f7xx_hal_rtc.o(i.HAL_RTC_WaitForSynchro)
    HAL_SAI_Init                             0x08002edd   Thumb Code   388  stm32f7xx_hal_sai.o(i.HAL_SAI_Init)
    HAL_SAI_MspInit                          0x08003069   Thumb Code   138  stm32f7xx_hal_msp.o(i.HAL_SAI_MspInit)
    HAL_SDRAM_Init                           0x08003109   Thumb Code    66  stm32f7xx_hal_sdram.o(i.HAL_SDRAM_Init)
    HAL_SDRAM_MspInit                        0x0800314b   Thumb Code     4  stm32f7xx_hal_msp.o(i.HAL_SDRAM_MspInit)
    HAL_SD_GetStatus                         0x0800314f   Thumb Code    78  stm32f7xx_hal_sd.o(i.HAL_SD_GetStatus)
    HAL_SD_Get_CardInfo                      0x0800319d   Thumb Code   698  stm32f7xx_hal_sd.o(i.HAL_SD_Get_CardInfo)
    HAL_SD_Init                              0x08003457   Thumb Code   156  stm32f7xx_hal_sd.o(i.HAL_SD_Init)
    HAL_SD_MspInit                           0x080034f5   Thumb Code    84  stm32f7xx_hal_msp.o(i.HAL_SD_MspInit)
    HAL_SD_ReadBlocks                        0x08003559   Thumb Code   368  stm32f7xx_hal_sd.o(i.HAL_SD_ReadBlocks)
    HAL_SD_StopTransfer                      0x080036c9   Thumb Code    42  stm32f7xx_hal_sd.o(i.HAL_SD_StopTransfer)
    HAL_SD_WideBusOperation_Config           0x080036f3   Thumb Code    94  stm32f7xx_hal_sd.o(i.HAL_SD_WideBusOperation_Config)
    HAL_SD_WriteBlocks                       0x08003751   Thumb Code   454  stm32f7xx_hal_sd.o(i.HAL_SD_WriteBlocks)
    HAL_SPDIFRX_Init                         0x08003919   Thumb Code   120  stm32f7xx_hal_spdifrx.o(i.HAL_SPDIFRX_Init)
    HAL_SPDIFRX_MspInit                      0x08003995   Thumb Code    60  stm32f7xx_hal_msp.o(i.HAL_SPDIFRX_MspInit)
    HAL_SPI_Init                             0x080039d9   Thumb Code   200  stm32f7xx_hal_spi.o(i.HAL_SPI_Init)
    HAL_SPI_MspInit                          0x08003aa1   Thumb Code    80  stm32f7xx_hal_msp.o(i.HAL_SPI_MspInit)
    HAL_SYSTICK_CLKSourceConfig              0x08003b01   Thumb Code    24  stm32f7xx_hal_cortex.o(i.HAL_SYSTICK_CLKSourceConfig)
    HAL_SYSTICK_Callback                     0x08003b19   Thumb Code     2  stm32f7xx_hal_cortex.o(i.HAL_SYSTICK_Callback)
    HAL_SYSTICK_Config                       0x08003b1b   Thumb Code    38  stm32f7xx_hal_cortex.o(i.HAL_SYSTICK_Config)
    HAL_SYSTICK_IRQHandler                   0x08003b41   Thumb Code     8  stm32f7xx_hal_cortex.o(i.HAL_SYSTICK_IRQHandler)
    HAL_TIMEx_ConfigBreakDeadTime            0x08003b49   Thumb Code    98  stm32f7xx_hal_tim_ex.o(i.HAL_TIMEx_ConfigBreakDeadTime)
    HAL_TIMEx_MasterConfigSynchronization    0x08003bad   Thumb Code    78  stm32f7xx_hal_tim_ex.o(i.HAL_TIMEx_MasterConfigSynchronization)
    HAL_TIM_Base_Init                        0x08003c05   Thumb Code    48  stm32f7xx_hal_tim.o(i.HAL_TIM_Base_Init)
    HAL_TIM_Base_MspInit                     0x08003c35   Thumb Code   112  stm32f7xx_hal_msp.o(i.HAL_TIM_Base_MspInit)
    HAL_TIM_ConfigClockSource                0x08003cbd   Thumb Code   246  stm32f7xx_hal_tim.o(i.HAL_TIM_ConfigClockSource)
    HAL_TIM_MspPostInit                      0x08003db9   Thumb Code   126  stm32f7xx_hal_msp.o(i.HAL_TIM_MspPostInit)
    HAL_TIM_PWM_ConfigChannel                0x08003e59   Thumb Code   296  stm32f7xx_hal_tim_ex.o(i.HAL_TIM_PWM_ConfigChannel)
    HAL_TIM_PWM_Init                         0x08003f81   Thumb Code    54  stm32f7xx_hal_tim.o(i.HAL_TIM_PWM_Init)
    HAL_TIM_PWM_MspInit                      0x08003fb9   Thumb Code    30  stm32f7xx_hal_msp.o(i.HAL_TIM_PWM_MspInit)
    HAL_UART_Init                            0x08003fe1   Thumb Code   106  stm32f7xx_hal_uart.o(i.HAL_UART_Init)
    HAL_UART_MspInit                         0x0800404d   Thumb Code   126  stm32f7xx_hal_msp.o(i.HAL_UART_MspInit)
    MX_DriverVbusFS                          0x08004899   Thumb Code    16  usbh_platform.o(i.MX_DriverVbusFS)
    MX_FATFS_Init                            0x080048f5   Thumb Code    18  fatfs.o(i.MX_FATFS_Init)
    MX_USB_HOST_Init                         0x0800507d   Thumb Code    30  usb_host.o(i.MX_USB_HOST_Init)
    MX_USB_HOST_Process                      0x080050a9   Thumb Code     6  usb_host.o(i.MX_USB_HOST_Process)
    OTG_FS_IRQHandler                        0x080050d9   Thumb Code     6  stm32f7xx_it.o(i.OTG_FS_IRQHandler)
    OTG_HS_IRQHandler                        0x080050e5   Thumb Code     6  stm32f7xx_it.o(i.OTG_HS_IRQHandler)
    RTC_Bcd2ToByte                           0x0800513d   Thumb Code    18  stm32f7xx_hal_rtc.o(i.RTC_Bcd2ToByte)
    RTC_ByteToBcd2                           0x0800514f   Thumb Code    22  stm32f7xx_hal_rtc.o(i.RTC_ByteToBcd2)
    RTC_EnterInitMode                        0x08005165   Thumb Code    58  stm32f7xx_hal_rtc.o(i.RTC_EnterInitMode)
    SAI_BlockSynchroConfig                   0x080051a1   Thumb Code    60  stm32f7xx_hal_sai_ex.o(i.SAI_BlockSynchroConfig)
    SAI_GetInputClock                        0x08005225   Thumb Code    30  stm32f7xx_hal_sai_ex.o(i.SAI_GetInputClock)
    SDMMC_DataConfig                         0x08005249   Thumb Code    38  stm32f7xx_ll_sdmmc.o(i.SDMMC_DataConfig)
    SDMMC_GetCommandResponse                 0x0800526f   Thumb Code     6  stm32f7xx_ll_sdmmc.o(i.SDMMC_GetCommandResponse)
    SDMMC_GetPowerState                      0x08005275   Thumb Code     8  stm32f7xx_ll_sdmmc.o(i.SDMMC_GetPowerState)
    SDMMC_GetResponse                        0x0800527d   Thumb Code    12  stm32f7xx_ll_sdmmc.o(i.SDMMC_GetResponse)
    SDMMC_Init                               0x08005289   Thumb Code    34  stm32f7xx_ll_sdmmc.o(i.SDMMC_Init)
    SDMMC_PowerState_ON                      0x080052ab   Thumb Code     8  stm32f7xx_ll_sdmmc.o(i.SDMMC_PowerState_ON)
    SDMMC_ReadFIFO                           0x080052b3   Thumb Code     6  stm32f7xx_ll_sdmmc.o(i.SDMMC_ReadFIFO)
    SDMMC_SendCommand                        0x080052b9   Thumb Code    34  stm32f7xx_ll_sdmmc.o(i.SDMMC_SendCommand)
    SDMMC_WriteFIFO                          0x080052db   Thumb Code    10  stm32f7xx_ll_sdmmc.o(i.SDMMC_WriteFIFO)
    SD_initialize                            0x08005a4d   Thumb Code    26  sd_diskio.o(i.SD_initialize)
    SD_ioctl                                 0x08005a6d   Thumb Code    80  sd_diskio.o(i.SD_ioctl)
    SD_read                                  0x08005ac1   Thumb Code    30  sd_diskio.o(i.SD_read)
    SD_status                                0x08005ae1   Thumb Code    26  sd_diskio.o(i.SD_status)
    SD_write                                 0x08005b01   Thumb Code    30  sd_diskio.o(i.SD_write)
    SysTick_Handler                          0x08005b1f   Thumb Code    14  stm32f7xx_it.o(i.SysTick_Handler)
    SystemClock_Config                       0x08005b2d   Thumb Code   204  main.o(i.SystemClock_Config)
    SystemInit                               0x08005c05   Thumb Code    68  system_stm32f7xx.o(i.SystemInit)
    TIM_Base_SetConfig                       0x08005c59   Thumb Code   150  stm32f7xx_hal_tim.o(i.TIM_Base_SetConfig)
    TIM_ETR_SetConfig                        0x08005d1d   Thumb Code    18  stm32f7xx_hal_tim.o(i.TIM_ETR_SetConfig)
    TIM_OC1_SetConfig                        0x08005d41   Thumb Code    90  stm32f7xx_hal_tim.o(i.TIM_OC1_SetConfig)
    TIM_OC2_SetConfig                        0x08005da9   Thumb Code    96  stm32f7xx_hal_tim.o(i.TIM_OC2_SetConfig)
    TIM_OC3_SetConfig                        0x08005e15   Thumb Code    96  stm32f7xx_hal_tim.o(i.TIM_OC3_SetConfig)
    TIM_OC4_SetConfig                        0x08005e81   Thumb Code    76  stm32f7xx_hal_tim.o(i.TIM_OC4_SetConfig)
    UART_AdvFeatureConfig                    0x08005fcf   Thumb Code   200  stm32f7xx_hal_uart.o(i.UART_AdvFeatureConfig)
    UART_CheckIdleState                      0x08006097   Thumb Code    78  stm32f7xx_hal_uart.o(i.UART_CheckIdleState)
    UART_SetConfig                           0x080060e5   Thumb Code   534  stm32f7xx_hal_uart.o(i.UART_SetConfig)
    UART_WaitOnFlagUntilTimeout              0x0800632d   Thumb Code   146  stm32f7xx_hal_uart.o(i.UART_WaitOnFlagUntilTimeout)
    USBH_AllocPipe                           0x080063bf   Thumb Code    52  usbh_pipes.o(i.USBH_AllocPipe)
    USBH_BulkReceiveData                     0x080063f3   Thumb Code    32  usbh_ioreq.o(i.USBH_BulkReceiveData)
    USBH_BulkSendData                        0x08006413   Thumb Code    40  usbh_ioreq.o(i.USBH_BulkSendData)
    USBH_CDC_LineCodingChanged               0x080065f1   Thumb Code     2  usbh_cdc.o(i.USBH_CDC_LineCodingChanged)
    USBH_CDC_ReceiveCallback                 0x080066b1   Thumb Code     2  usbh_cdc.o(i.USBH_CDC_ReceiveCallback)
    USBH_CDC_TransmitCallback                0x080066b7   Thumb Code     2  usbh_cdc.o(i.USBH_CDC_TransmitCallback)
    USBH_ClosePipe                           0x080066b9   Thumb Code    10  usbh_pipes.o(i.USBH_ClosePipe)
    USBH_ClrFeature                          0x080066c3   Thumb Code    34  usbh_ctlreq.o(i.USBH_ClrFeature)
    USBH_CtlReceiveData                      0x080066e5   Thumb Code    30  usbh_ioreq.o(i.USBH_CtlReceiveData)
    USBH_CtlReq                              0x08006703   Thumb Code    54  usbh_ctlreq.o(i.USBH_CtlReq)
    USBH_CtlSendData                         0x08006739   Thumb Code    40  usbh_ioreq.o(i.USBH_CtlSendData)
    USBH_CtlSendSetup                        0x08006761   Thumb Code    30  usbh_ioreq.o(i.USBH_CtlSendSetup)
    USBH_Delay                               0x0800677f   Thumb Code     4  usbh_conf.o(i.USBH_Delay)
    USBH_FindInterface                       0x08006783   Thumb Code    68  usbh_core.o(i.USBH_FindInterface)
    USBH_FreePipe                            0x080067c7   Thumb Code    24  usbh_pipes.o(i.USBH_FreePipe)
    USBH_GetDescriptor                       0x080067df   Thumb Code    52  usbh_ctlreq.o(i.USBH_GetDescriptor)
    USBH_GetNextDesc                         0x08006813   Thumb Code    14  usbh_ctlreq.o(i.USBH_GetNextDesc)
    USBH_Get_CfgDesc                         0x08006821   Thumb Code    44  usbh_ctlreq.o(i.USBH_Get_CfgDesc)
    USBH_Get_DevDesc                         0x0800684d   Thumb Code   154  usbh_ctlreq.o(i.USBH_Get_DevDesc)
    USBH_Get_StringDesc                      0x080068e7   Thumb Code    72  usbh_ctlreq.o(i.USBH_Get_StringDesc)
    USBH_Init                                0x08006b93   Thumb Code    48  usbh_core.o(i.USBH_Init)
    USBH_LL_ClosePipe                        0x08006bc3   Thumb Code    14  usbh_conf.o(i.USBH_LL_ClosePipe)
    USBH_LL_Connect                          0x08006bd1   Thumb Code    40  usbh_core.o(i.USBH_LL_Connect)
    USBH_LL_Disconnect                       0x08006bf9   Thumb Code    56  usbh_core.o(i.USBH_LL_Disconnect)
    USBH_LL_DriverVBUS                       0x08006c31   Thumb Code    26  usbh_conf.o(i.USBH_LL_DriverVBUS)
    USBH_LL_GetLastXferSize                  0x08006c4b   Thumb Code     8  usbh_conf.o(i.USBH_LL_GetLastXferSize)
    USBH_LL_GetSpeed                         0x08006c53   Thumb Code    34  usbh_conf.o(i.USBH_LL_GetSpeed)
    USBH_LL_GetURBState                      0x08006c75   Thumb Code     8  usbh_conf.o(i.USBH_LL_GetURBState)
    USBH_LL_IncTimer                         0x08006c7d   Thumb Code    30  usbh_core.o(i.USBH_LL_IncTimer)
    USBH_LL_Init                             0x08006c9d   Thumb Code    68  usbh_conf.o(i.USBH_LL_Init)
    USBH_LL_OpenPipe                         0x08006ce5   Thumb Code    24  usbh_conf.o(i.USBH_LL_OpenPipe)
    USBH_LL_ResetPort                        0x08006cfd   Thumb Code    14  usbh_conf.o(i.USBH_LL_ResetPort)
    USBH_LL_SetTimer                         0x08006d0b   Thumb Code     6  usbh_core.o(i.USBH_LL_SetTimer)
    USBH_LL_SetToggle                        0x08006d11   Thumb Code    32  usbh_conf.o(i.USBH_LL_SetToggle)
    USBH_LL_Start                            0x08006d31   Thumb Code    14  usbh_conf.o(i.USBH_LL_Start)
    USBH_LL_Stop                             0x08006d3f   Thumb Code    14  usbh_conf.o(i.USBH_LL_Stop)
    USBH_LL_SubmitURB                        0x08006d4d   Thumb Code    32  usbh_conf.o(i.USBH_LL_SubmitURB)
    USBH_OpenPipe                            0x08006d6d   Thumb Code    20  usbh_pipes.o(i.USBH_OpenPipe)
    USBH_Process                             0x08006e6b   Thumb Code   360  usbh_core.o(i.USBH_Process)
    USBH_RegisterClass                       0x08006fd3   Thumb Code    30  usbh_core.o(i.USBH_RegisterClass)
    USBH_SelectInterface                     0x08006ff1   Thumb Code    22  usbh_core.o(i.USBH_SelectInterface)
    USBH_SetAddress                          0x08007007   Thumb Code    28  usbh_ctlreq.o(i.USBH_SetAddress)
    USBH_SetCfg                              0x08007023   Thumb Code    28  usbh_ctlreq.o(i.USBH_SetCfg)
    USBH_Start                               0x0800703f   Thumb Code    20  usbh_core.o(i.USBH_Start)
    USB_CoreInit                             0x08007075   Thumb Code   106  stm32f7xx_ll_usb.o(i.USB_CoreInit)
    USB_DisableGlobalInt                     0x0800711d   Thumb Code    12  stm32f7xx_ll_usb.o(i.USB_DisableGlobalInt)
    USB_DoPing                               0x08007129   Thumb Code    60  stm32f7xx_ll_usb.o(i.USB_DoPing)
    USB_DriveVbus                            0x08007169   Thumb Code    44  stm32f7xx_ll_usb.o(i.USB_DriveVbus)
    USB_EnableGlobalInt                      0x08007195   Thumb Code    12  stm32f7xx_ll_usb.o(i.USB_EnableGlobalInt)
    USB_FlushRxFifo                          0x080071a1   Thumb Code    28  stm32f7xx_ll_usb.o(i.USB_FlushRxFifo)
    USB_FlushTxFifo                          0x080071c1   Thumb Code    32  stm32f7xx_ll_usb.o(i.USB_FlushTxFifo)
    USB_GetCurrentFrame                      0x080071e5   Thumb Code     8  stm32f7xx_ll_usb.o(i.USB_GetCurrentFrame)
    USB_GetHostSpeed                         0x080071ed   Thumb Code    14  stm32f7xx_ll_usb.o(i.USB_GetHostSpeed)
    USB_GetMode                              0x080071fb   Thumb Code     8  stm32f7xx_ll_usb.o(i.USB_GetMode)
    USB_HC_Halt                              0x08007203   Thumb Code   376  stm32f7xx_ll_usb.o(i.USB_HC_Halt)
    USB_HC_Init                              0x0800737b   Thumb Code   230  stm32f7xx_ll_usb.o(i.USB_HC_Init)
    USB_HC_ReadInterrupt                     0x08007461   Thumb Code    12  stm32f7xx_ll_usb.o(i.USB_HC_ReadInterrupt)
    USB_HC_StartXfer                         0x0800746d   Thumb Code   386  stm32f7xx_ll_usb.o(i.USB_HC_StartXfer)
    USB_HostInit                             0x080075f5   Thumb Code   176  stm32f7xx_ll_usb.o(i.USB_HostInit)
    USB_InitFSLSPClkSel                      0x080076b9   Thumb Code    56  stm32f7xx_ll_usb.o(i.USB_InitFSLSPClkSel)
    USB_ReadInterrupts                       0x080076f1   Thumb Code     8  stm32f7xx_ll_usb.o(i.USB_ReadInterrupts)
    USB_ReadPacket                           0x080076f9   Thumb Code    30  stm32f7xx_ll_usb.o(i.USB_ReadPacket)
    USB_ResetPort                            0x08007717   Thumb Code    44  stm32f7xx_ll_usb.o(i.USB_ResetPort)
    USB_SetCurrentMode                       0x08007743   Thumb Code    44  stm32f7xx_ll_usb.o(i.USB_SetCurrentMode)
    USB_StopHost                             0x0800776f   Thumb Code   178  stm32f7xx_ll_usb.o(i.USB_StopHost)
    USB_WritePacket                          0x08007821   Thumb Code    44  stm32f7xx_ll_usb.o(i.USB_WritePacket)
    __scatterload_copy                       0x0800784d   Thumb Code    14  handlers.o(i.__scatterload_copy)
    __scatterload_null                       0x0800785b   Thumb Code     2  handlers.o(i.__scatterload_null)
    __scatterload_zeroinit                   0x0800785d   Thumb Code    14  handlers.o(i.__scatterload_zeroinit)
    free                                     0x0800786d   Thumb Code    76  malloc.o(i.free)
    main                                     0x080078bd   Thumb Code   342  main.o(i.main)
    malloc                                   0x08007a39   Thumb Code    92  malloc.o(i.malloc)
    SD_Driver                                0x08007aa4   Data          20  sd_diskio.o(.constdata)
    APBAHBPrescTable                         0x08007ab8   Data          16  stm32f7xx_hal_rcc.o(.constdata)
    Region$$Table$$Base                      0x08007acc   Number         0  anon$$obj.o(Region$$Table)
    Region$$Table$$Limit                     0x08007aec   Number         0  anon$$obj.o(Region$$Table)
    CDC_Class                                0x20000000   Data          32  usbh_cdc.o(.data)
    retSD                                    0x20000020   Data           1  fatfs.o(.data)
    SD_Path                                  0x20000021   Data           4  fatfs.o(.data)
    Appli_state                              0x20000025   Data           1  usb_host.o(.data)
    SAI2_client                              0x20000030   Data           4  stm32f7xx_hal_msp.o(.data)
    SystemCoreClock                          0x20000038   Data           4  system_stm32f7xx.o(.data)
    __microlib_freelist                      0x20000040   Data           4  mvars.o(.data)
    __microlib_freelist_initialised          0x20000044   Data           4  mvars.o(.data)
    hUsbHostFS                               0x20000048   Data         968  usb_host.o(.bss)
    hadc3                                    0x20000410   Data          72  main.o(.bss)
    hdcmi                                    0x20000458   Data          80  main.o(.bss)
    heth                                     0x200004a8   Data          72  main.o(.bss)
    hi2c1                                    0x200004f0   Data          60  main.o(.bss)
    hi2c3                                    0x2000052c   Data          60  main.o(.bss)
    hltdc                                    0x20000568   Data         168  main.o(.bss)
    hqspi                                    0x20000610   Data          68  main.o(.bss)
    hrtc                                     0x20000654   Data          32  main.o(.bss)
    hsai_BlockA2                             0x20000674   Data         132  main.o(.bss)
    hsai_BlockB2                             0x200006f8   Data         132  main.o(.bss)
    hsd1                                     0x2000077c   Data          96  main.o(.bss)
    SDCardInfo1                              0x200007e0   Data          88  main.o(.bss)
    hspdif                                   0x20000838   Data          76  main.o(.bss)
    hspi2                                    0x20000884   Data         100  main.o(.bss)
    htim1                                    0x200008e8   Data          60  main.o(.bss)
    htim2                                    0x20000924   Data          60  main.o(.bss)
    htim3                                    0x20000960   Data          60  main.o(.bss)
    htim5                                    0x2000099c   Data          60  main.o(.bss)
    htim8                                    0x200009d8   Data          60  main.o(.bss)
    htim12                                   0x20000a14   Data          60  main.o(.bss)
    huart1                                   0x20000a50   Data         112  main.o(.bss)
    huart6                                   0x20000ac0   Data         112  main.o(.bss)
    hhcd_USB_OTG_HS                          0x20000b30   Data         660  main.o(.bss)
    hsdram1                                  0x20000dc4   Data          52  main.o(.bss)
    hhcd_USB_OTG_FS                          0x20000df8   Data         660  usbh_conf.o(.bss)
    disk                                     0x2000108c   Data          12  ff_gen_drv.o(.bss)
    __heap_base                              0x20001098   Data           0  startup_stm32f746xx.o(HEAP)
    __heap_limit                             0x20001498   Data           0  startup_stm32f746xx.o(HEAP)
    __initial_sp                             0x20001698   Data           0  startup_stm32f746xx.o(STACK)



==============================================================================

Memory Map of the image

  Image Entry point : 0x080001c9

  Load Region LR_IROM1 (Base: 0x08000000, Size: 0x00007b34, Max: 0x00100000, ABSOLUTE)

    Execution Region ER_IROM1 (Base: 0x08000000, Size: 0x00007aec, Max: 0x00100000, ABSOLUTE)

    Base Addr    Size         Type   Attr      Idx    E Section Name        Object

    0x08000000   0x000001c8   Data   RO          625    RESET               startup_stm32f746xx.o
    0x080001c8   0x00000000   Code   RO         7674  * .ARM.Collect$$$$00000000  mc_w.l(entry.o)
    0x080001c8   0x00000004   Code   RO         7711    .ARM.Collect$$$$00000001  mc_w.l(entry2.o)
    0x080001cc   0x00000004   Code   RO         7714    .ARM.Collect$$$$00000004  mc_w.l(entry5.o)
    0x080001d0   0x00000000   Code   RO         7716    .ARM.Collect$$$$00000008  mc_w.l(entry7b.o)
    0x080001d0   0x00000000   Code   RO         7718    .ARM.Collect$$$$0000000A  mc_w.l(entry8b.o)
    0x080001d0   0x00000008   Code   RO         7719    .ARM.Collect$$$$0000000B  mc_w.l(entry9a.o)
    0x080001d8   0x00000000   Code   RO         7721    .ARM.Collect$$$$0000000D  mc_w.l(entry10a.o)
    0x080001d8   0x00000000   Code   RO         7723    .ARM.Collect$$$$0000000F  mc_w.l(entry11a.o)
    0x080001d8   0x00000004   Code   RO         7712    .ARM.Collect$$$$00002712  mc_w.l(entry2.o)
    0x080001dc   0x00000024   Code   RO          626    .text               startup_stm32f746xx.o
    0x08000200   0x00000024   Code   RO         7677    .text               mc_w.l(memcpya.o)
    0x08000224   0x00000024   Code   RO         7727    .text               mc_w.l(init.o)
    0x08000248   0x00000138   Code   RO         2843    i.ADC_Init          stm32f7xx_hal_adc.o
    0x08000380   0x0000000c   Code   RO         1309    i.BSP_SD_GetCardInfo  bsp_driver_sd.o
    0x0800038c   0x0000000c   Code   RO         1310    i.BSP_SD_GetStatus  bsp_driver_sd.o
    0x08000398   0x00000034   Code   RO         1313    i.BSP_SD_Init       bsp_driver_sd.o
    0x080003cc   0x00000024   Code   RO         1314    i.BSP_SD_IsDetected  bsp_driver_sd.o
    0x080003f0   0x00000020   Code   RO         1315    i.BSP_SD_ReadBlocks  bsp_driver_sd.o
    0x08000410   0x00000020   Code   RO         1317    i.BSP_SD_WriteBlocks  bsp_driver_sd.o
    0x08000430   0x0000006c   Code   RO          347    i.CDC_ProcessReception  usbh_cdc.o
    0x0800049c   0x00000072   Code   RO          348    i.CDC_ProcessTransmission  usbh_cdc.o
    0x0800050e   0x00000002   PAD
    0x08000510   0x00000048   Code   RO            4    i.DeInitStateMachine  usbh_core.o
    0x08000558   0x00000124   Code   RO         5173    i.ETH_MACDMAConfig  stm32f7xx_hal_eth.o
    0x0800067c   0x00000006   Code   RO         1503    i.FATFS_LinkDriver  ff_gen_drv.o
    0x08000682   0x00000002   PAD
    0x08000684   0x00000040   Code   RO         1504    i.FATFS_LinkDriverEx  ff_gen_drv.o
    0x080006c4   0x0000005e   Code   RO         5454    i.FMC_SDRAM_Init    stm32f7xx_ll_fmc.o
    0x08000722   0x00000082   Code   RO         5458    i.FMC_SDRAM_Timing_Init  stm32f7xx_ll_fmc.o
    0x080007a4   0x0000001c   Code   RO          349    i.GetLineCoding     usbh_cdc.o
    0x080007c0   0x00000164   Code   RO         2845    i.HAL_ADC_ConfigChannel  stm32f7xx_hal_adc.o
    0x08000924   0x00000054   Code   RO         2854    i.HAL_ADC_Init      stm32f7xx_hal_adc.o
    0x08000978   0x00000058   Code   RO         1087    i.HAL_ADC_MspInit   stm32f7xx_hal_msp.o
    0x080009d0   0x000000c0   Code   RO         5082    i.HAL_DCMI_Init     stm32f7xx_hal_dcmi_ex.o
    0x08000a90   0x000000ac   Code   RO         1089    i.HAL_DCMI_MspInit  stm32f7xx_hal_msp.o
    0x08000b3c   0x00000016   Code   RO         5854    i.HAL_Delay         stm32f7xx_hal.o
    0x08000b52   0x00000002   PAD
    0x08000b54   0x000001f0   Code   RO         5184    i.HAL_ETH_Init      stm32f7xx_hal_eth.o
    0x08000d44   0x0000009c   Code   RO         1091    i.HAL_ETH_MspInit   stm32f7xx_hal_msp.o
    0x08000de0   0x00000086   Code   RO         5187    i.HAL_ETH_ReadPHYRegister  stm32f7xx_hal_eth.o
    0x08000e66   0x00000002   PAD
    0x08000e68   0x0000007a   Code   RO         5193    i.HAL_ETH_WritePHYRegister  stm32f7xx_hal_eth.o
    0x08000ee2   0x00000002   PAD
    0x08000ee4   0x000000d0   Code   RO         1092    i.HAL_FMC_MspInit   stm32f7xx_hal_msp.o
    0x08000fb4   0x000001d8   Code   RO         5109    i.HAL_GPIO_Init     stm32f7xx_hal_gpio.o
    0x0800118c   0x0000000a   Code   RO         5111    i.HAL_GPIO_ReadPin  stm32f7xx_hal_gpio.o
    0x08001196   0x0000000a   Code   RO         5113    i.HAL_GPIO_WritePin  stm32f7xx_hal_gpio.o
    0x080011a0   0x0000000c   Code   RO         5862    i.HAL_GetTick       stm32f7xx_hal.o
    0x080011ac   0x00000008   Code   RO          872    i.HAL_HCD_Connect_Callback  usbh_conf.o
    0x080011b4   0x00000008   Code   RO          873    i.HAL_HCD_Disconnect_Callback  usbh_conf.o
    0x080011bc   0x00000006   Code   RO         2679    i.HAL_HCD_GetCurrentFrame  stm32f7xx_hal_hcd.o
    0x080011c2   0x00000006   Code   RO         2680    i.HAL_HCD_GetCurrentSpeed  stm32f7xx_hal_hcd.o
    0x080011c8   0x0000000e   Code   RO         2683    i.HAL_HCD_HC_GetURBState  stm32f7xx_hal_hcd.o
    0x080011d6   0x0000000c   Code   RO         2684    i.HAL_HCD_HC_GetXferCount  stm32f7xx_hal_hcd.o
    0x080011e2   0x00000024   Code   RO         2685    i.HAL_HCD_HC_Halt   stm32f7xx_hal_hcd.o
    0x08001206   0x0000005c   Code   RO         2686    i.HAL_HCD_HC_Init   stm32f7xx_hal_hcd.o
    0x08001262   0x00000002   Code   RO          874    i.HAL_HCD_HC_NotifyURBChange_Callback  usbh_conf.o
    0x08001264   0x000000be   Code   RO         2688    i.HAL_HCD_HC_SubmitRequest  stm32f7xx_hal_hcd.o
    0x08001322   0x00000002   PAD
    0x08001324   0x0000012e   Code   RO         2689    i.HAL_HCD_IRQHandler  stm32f7xx_hal_hcd.o
    0x08001452   0x0000005a   Code   RO         2690    i.HAL_HCD_Init      stm32f7xx_hal_hcd.o
    0x080014ac   0x00000110   Code   RO          876    i.HAL_HCD_MspInit   usbh_conf.o
    0x080015bc   0x00000006   Code   RO         2693    i.HAL_HCD_ResetPort  stm32f7xx_hal_hcd.o
    0x080015c2   0x00000008   Code   RO          877    i.HAL_HCD_SOF_Callback  usbh_conf.o
    0x080015ca   0x0000002c   Code   RO         2695    i.HAL_HCD_Start     stm32f7xx_hal_hcd.o
    0x080015f6   0x00000024   Code   RO         2696    i.HAL_HCD_Stop      stm32f7xx_hal_hcd.o
    0x0800161a   0x00000076   Code   RO         5589    i.HAL_I2CEx_ConfigAnalogFilter  stm32f7xx_hal_i2c_ex.o
    0x08001690   0x000000ac   Code   RO         2127    i.HAL_I2C_Init      stm32f7xx_hal_i2c.o
    0x0800173c   0x00000084   Code   RO         1094    i.HAL_I2C_MspInit   stm32f7xx_hal_msp.o
    0x080017c0   0x00000010   Code   RO         5863    i.HAL_IncTick       stm32f7xx_hal.o
    0x080017d0   0x00000016   Code   RO         5864    i.HAL_Init          stm32f7xx_hal.o
    0x080017e6   0x00000022   Code   RO         5865    i.HAL_InitTick      stm32f7xx_hal.o
    0x08001808   0x00000052   Code   RO         3411    i.HAL_LTDC_ConfigLayer  stm32f7xx_hal_ltdc.o
    0x0800185a   0x00000002   PAD
    0x0800185c   0x00000100   Code   RO         3423    i.HAL_LTDC_Init     stm32f7xx_hal_ltdc.o
    0x0800195c   0x000000b0   Code   RO         1096    i.HAL_LTDC_MspInit  stm32f7xx_hal_msp.o
    0x08001a0c   0x00000016   Code   RO         1097    i.HAL_MspInit       stm32f7xx_hal_msp.o
    0x08001a22   0x00000016   Code   RO         5622    i.HAL_NVIC_EnableIRQ  stm32f7xx_hal_cortex.o
    0x08001a38   0x00000040   Code   RO         5628    i.HAL_NVIC_SetPriority  stm32f7xx_hal_cortex.o
    0x08001a78   0x00000024   Code   RO         5629    i.HAL_NVIC_SetPriorityGrouping  stm32f7xx_hal_cortex.o
    0x08001a9c   0x000000bc   Code   RO         4432    i.HAL_QSPI_Init     stm32f7xx_hal_qspi.o
    0x08001b58   0x0000009c   Code   RO         1099    i.HAL_QSPI_MspInit  stm32f7xx_hal_msp.o
    0x08001bf4   0x00000120   Code   RO         5321    i.HAL_RCCEx_GetPeriphCLKFreq  stm32f7xx_hal_rcc_ex.o
    0x08001d14   0x000006b0   Code   RO         5322    i.HAL_RCCEx_PeriphCLKConfig  stm32f7xx_hal_rcc_ex.o
    0x080023c4   0x000001cc   Code   RO         6414    i.HAL_RCC_ClockConfig  stm32f7xx_hal_rcc.o
    0x08002590   0x00000034   Code   RO         6419    i.HAL_RCC_GetHCLKFreq  stm32f7xx_hal_rcc.o
    0x080025c4   0x0000002c   Code   RO         6421    i.HAL_RCC_GetPCLK1Freq  stm32f7xx_hal_rcc.o
    0x080025f0   0x0000002c   Code   RO         6422    i.HAL_RCC_GetPCLK2Freq  stm32f7xx_hal_rcc.o
    0x0800261c   0x00000084   Code   RO         6423    i.HAL_RCC_GetSysClockFreq  stm32f7xx_hal_rcc.o
    0x080026a0   0x0000039c   Code   RO         6426    i.HAL_RCC_OscConfig  stm32f7xx_hal_rcc.o
    0x08002a3c   0x0000005a   Code   RO         6031    i.HAL_RTCEx_SetTimeStamp  stm32f7xx_hal_rtc_ex.o
    0x08002a96   0x00000002   PAD
    0x08002a98   0x000000a0   Code   RO         4696    i.HAL_RTC_Init      stm32f7xx_hal_rtc.o
    0x08002b38   0x0000001c   Code   RO         1101    i.HAL_RTC_MspInit   stm32f7xx_hal_msp.o
    0x08002b54   0x00000186   Code   RO         4700    i.HAL_RTC_SetAlarm  stm32f7xx_hal_rtc.o
    0x08002cda   0x00000002   PAD
    0x08002cdc   0x000000d4   Code   RO         4702    i.HAL_RTC_SetDate   stm32f7xx_hal_rtc.o
    0x08002db0   0x000000f4   Code   RO         4703    i.HAL_RTC_SetTime   stm32f7xx_hal_rtc.o
    0x08002ea4   0x00000036   Code   RO         4704    i.HAL_RTC_WaitForSynchro  stm32f7xx_hal_rtc.o
    0x08002eda   0x00000002   PAD
    0x08002edc   0x0000018c   Code   RO         4013    i.HAL_SAI_Init      stm32f7xx_hal_sai.o
    0x08003068   0x000000a0   Code   RO         1103    i.HAL_SAI_MspInit   stm32f7xx_hal_msp.o
    0x08003108   0x00000042   Code   RO         1971    i.HAL_SDRAM_Init    stm32f7xx_hal_sdram.o
    0x0800314a   0x00000004   Code   RO         1105    i.HAL_SDRAM_MspInit  stm32f7xx_hal_msp.o
    0x0800314e   0x0000004e   Code   RO         2447    i.HAL_SD_GetStatus  stm32f7xx_hal_sd.o
    0x0800319c   0x000002ba   Code   RO         2448    i.HAL_SD_Get_CardInfo  stm32f7xx_hal_sd.o
    0x08003456   0x0000009c   Code   RO         2451    i.HAL_SD_Init       stm32f7xx_hal_sd.o
    0x080034f2   0x00000002   PAD
    0x080034f4   0x00000064   Code   RO         1107    i.HAL_SD_MspInit    stm32f7xx_hal_msp.o
    0x08003558   0x00000170   Code   RO         2454    i.HAL_SD_ReadBlocks  stm32f7xx_hal_sd.o
    0x080036c8   0x0000002a   Code   RO         2457    i.HAL_SD_StopTransfer  stm32f7xx_hal_sd.o
    0x080036f2   0x0000005e   Code   RO         2458    i.HAL_SD_WideBusOperation_Config  stm32f7xx_hal_sd.o
    0x08003750   0x000001c6   Code   RO         2459    i.HAL_SD_WriteBlocks  stm32f7xx_hal_sd.o
    0x08003916   0x00000002   PAD
    0x08003918   0x0000007c   Code   RO         6253    i.HAL_SPDIFRX_Init  stm32f7xx_hal_spdifrx.o
    0x08003994   0x00000044   Code   RO         1109    i.HAL_SPDIFRX_MspInit  stm32f7xx_hal_msp.o
    0x080039d8   0x000000c8   Code   RO         3704    i.HAL_SPI_Init      stm32f7xx_hal_spi.o
    0x08003aa0   0x00000060   Code   RO         1111    i.HAL_SPI_MspInit   stm32f7xx_hal_msp.o
    0x08003b00   0x00000018   Code   RO         5631    i.HAL_SYSTICK_CLKSourceConfig  stm32f7xx_hal_cortex.o
    0x08003b18   0x00000002   Code   RO         5632    i.HAL_SYSTICK_Callback  stm32f7xx_hal_cortex.o
    0x08003b1a   0x00000026   Code   RO         5633    i.HAL_SYSTICK_Config  stm32f7xx_hal_cortex.o
    0x08003b40   0x00000008   Code   RO         5634    i.HAL_SYSTICK_IRQHandler  stm32f7xx_hal_cortex.o
    0x08003b48   0x00000062   Code   RO         3012    i.HAL_TIMEx_ConfigBreakDeadTime  stm32f7xx_hal_tim_ex.o
    0x08003baa   0x00000002   PAD
    0x08003bac   0x00000058   Code   RO         3028    i.HAL_TIMEx_MasterConfigSynchronization  stm32f7xx_hal_tim_ex.o
    0x08003c04   0x00000030   Code   RO         6762    i.HAL_TIM_Base_Init  stm32f7xx_hal_tim.o
    0x08003c34   0x00000088   Code   RO         1113    i.HAL_TIM_Base_MspInit  stm32f7xx_hal_msp.o
    0x08003cbc   0x000000fc   Code   RO         6771    i.HAL_TIM_ConfigClockSource  stm32f7xx_hal_tim.o
    0x08003db8   0x000000a0   Code   RO         1114    i.HAL_TIM_MspPostInit  stm32f7xx_hal_msp.o
    0x08003e58   0x00000128   Code   RO         3048    i.HAL_TIM_PWM_ConfigChannel  stm32f7xx_hal_tim_ex.o
    0x08003f80   0x00000036   Code   RO         6831    i.HAL_TIM_PWM_Init  stm32f7xx_hal_tim.o
    0x08003fb6   0x00000002   PAD
    0x08003fb8   0x00000028   Code   RO         1116    i.HAL_TIM_PWM_MspInit  stm32f7xx_hal_msp.o
    0x08003fe0   0x0000006a   Code   RO         4842    i.HAL_UART_Init     stm32f7xx_hal_uart.o
    0x0800404a   0x00000002   PAD
    0x0800404c   0x00000098   Code   RO         1118    i.HAL_UART_MspInit  stm32f7xx_hal_msp.o
    0x080040e4   0x00000230   Code   RO         2697    i.HCD_HC_IN_IRQHandler  stm32f7xx_hal_hcd.o
    0x08004314   0x00000224   Code   RO         2698    i.HCD_HC_OUT_IRQHandler  stm32f7xx_hal_hcd.o
    0x08004538   0x000000b0   Code   RO         2699    i.HCD_Port_IRQHandler  stm32f7xx_hal_hcd.o
    0x080045e8   0x00000074   Code   RO         2700    i.HCD_RXQLVL_IRQHandler  stm32f7xx_hal_hcd.o
    0x0800465c   0x000001d0   Code   RO         3433    i.LTDC_SetConfig    stm32f7xx_hal_ltdc.o
    0x0800482c   0x00000040   Code   RO          737    i.MX_ADC3_Init      main.o
    0x0800486c   0x0000002c   Code   RO          738    i.MX_DCMI_Init      main.o
    0x08004898   0x00000014   Code   RO         1062    i.MX_DriverVbusFS   usbh_platform.o
    0x080048ac   0x00000048   Code   RO          739    i.MX_ETH_Init       main.o
    0x080048f4   0x0000001c   Code   RO          633    i.MX_FATFS_Init     fatfs.o
    0x08004910   0x00000048   Code   RO          740    i.MX_FMC_Init       main.o
    0x08004958   0x00000204   Code   RO          741    i.MX_GPIO_Init      main.o
    0x08004b5c   0x0000003c   Code   RO          742    i.MX_I2C1_Init      main.o
    0x08004b98   0x0000003c   Code   RO          743    i.MX_I2C3_Init      main.o
    0x08004bd4   0x000000b4   Code   RO          744    i.MX_LTDC_Init      main.o
    0x08004c88   0x000000a8   Code   RO          745    i.MX_RTC_Init       main.o
    0x08004d30   0x00000090   Code   RO          746    i.MX_SAI2_Init      main.o
    0x08004dc0   0x00000028   Code   RO          747    i.MX_SPDIFRX_Init   main.o
    0x08004de8   0x00000040   Code   RO          748    i.MX_SPI2_Init      main.o
    0x08004e28   0x0000008c   Code   RO          749    i.MX_TIM1_Init      main.o
    0x08004eb4   0x0000005c   Code   RO          750    i.MX_TIM2_Init      main.o
    0x08004f10   0x00000060   Code   RO          751    i.MX_TIM3_Init      main.o
    0x08004f70   0x00000060   Code   RO          752    i.MX_TIM5_Init      main.o
    0x08004fd0   0x00000044   Code   RO          753    i.MX_TIM8_Init      main.o
    0x08005014   0x00000034   Code   RO          754    i.MX_USART1_UART_Init  main.o
    0x08005048   0x00000034   Code   RO          755    i.MX_USART6_UART_Init  main.o
    0x0800507c   0x0000002c   Code   RO          691    i.MX_USB_HOST_Init  usb_host.o
    0x080050a8   0x0000000c   Code   RO          692    i.MX_USB_HOST_Process  usb_host.o
    0x080050b4   0x00000022   Code   RO         5635    i.NVIC_SetPriority  stm32f7xx_hal_cortex.o
    0x080050d6   0x00000002   PAD
    0x080050d8   0x0000000c   Code   RO         1022    i.OTG_FS_IRQHandler  stm32f7xx_it.o
    0x080050e4   0x0000000c   Code   RO         1023    i.OTG_HS_IRQHandler  stm32f7xx_it.o
    0x080050f0   0x0000004c   Code   RO         4455    i.QSPI_WaitFlagStateUntilTimeout  stm32f7xx_hal_qspi.o
    0x0800513c   0x00000012   Code   RO         4705    i.RTC_Bcd2ToByte    stm32f7xx_hal_rtc.o
    0x0800514e   0x00000016   Code   RO         4706    i.RTC_ByteToBcd2    stm32f7xx_hal_rtc.o
    0x08005164   0x0000003a   Code   RO         4707    i.RTC_EnterInitMode  stm32f7xx_hal_rtc.o
    0x0800519e   0x00000002   PAD
    0x080051a0   0x00000044   Code   RO         3379    i.SAI_BlockSynchroConfig  stm32f7xx_hal_sai_ex.o
    0x080051e4   0x0000003e   Code   RO         4032    i.SAI_Disable       stm32f7xx_hal_sai.o
    0x08005222   0x00000002   PAD
    0x08005224   0x00000024   Code   RO         3380    i.SAI_GetInputClock  stm32f7xx_hal_sai_ex.o
    0x08005248   0x00000026   Code   RO         4260    i.SDMMC_DataConfig  stm32f7xx_ll_sdmmc.o
    0x0800526e   0x00000006   Code   RO         4261    i.SDMMC_GetCommandResponse  stm32f7xx_ll_sdmmc.o
    0x08005274   0x00000008   Code   RO         4264    i.SDMMC_GetPowerState  stm32f7xx_ll_sdmmc.o
    0x0800527c   0x0000000c   Code   RO         4265    i.SDMMC_GetResponse  stm32f7xx_ll_sdmmc.o
    0x08005288   0x00000022   Code   RO         4266    i.SDMMC_Init        stm32f7xx_ll_sdmmc.o
    0x080052aa   0x00000008   Code   RO         4268    i.SDMMC_PowerState_ON  stm32f7xx_ll_sdmmc.o
    0x080052b2   0x00000006   Code   RO         4269    i.SDMMC_ReadFIFO    stm32f7xx_ll_sdmmc.o
    0x080052b8   0x00000022   Code   RO         4270    i.SDMMC_SendCommand  stm32f7xx_ll_sdmmc.o
    0x080052da   0x0000000a   Code   RO         4272    i.SDMMC_WriteFIFO   stm32f7xx_ll_sdmmc.o
    0x080052e4   0x000000ec   Code   RO         2463    i.SD_CmdResp1Error  stm32f7xx_hal_sd.o
    0x080053d0   0x0000002c   Code   RO         2464    i.SD_CmdResp2Error  stm32f7xx_hal_sd.o
    0x080053fc   0x00000074   Code   RO         2465    i.SD_CmdResp6Error  stm32f7xx_hal_sd.o
    0x08005470   0x00000040   Code   RO         2466    i.SD_CmdResp7Error  stm32f7xx_hal_sd.o
    0x080054b0   0x000000f8   Code   RO         2471    i.SD_FindSCR        stm32f7xx_hal_sd.o
    0x080055a8   0x000000f4   Code   RO         2472    i.SD_Initialize_Cards  stm32f7xx_hal_sd.o
    0x0800569c   0x00000140   Code   RO         2473    i.SD_IsCardProgramming  stm32f7xx_hal_sd.o
    0x080057dc   0x00000180   Code   RO         2474    i.SD_PowerON        stm32f7xx_hal_sd.o
    0x0800595c   0x00000076   Code   RO         2475    i.SD_WideBus_Disable  stm32f7xx_hal_sd.o
    0x080059d2   0x00000078   Code   RO         2476    i.SD_WideBus_Enable  stm32f7xx_hal_sd.o
    0x08005a4a   0x00000002   PAD
    0x08005a4c   0x00000020   Code   RO         1412    i.SD_initialize     sd_diskio.o
    0x08005a6c   0x00000054   Code   RO         1413    i.SD_ioctl          sd_diskio.o
    0x08005ac0   0x0000001e   Code   RO         1414    i.SD_read           sd_diskio.o
    0x08005ade   0x00000002   PAD
    0x08005ae0   0x00000020   Code   RO         1415    i.SD_status         sd_diskio.o
    0x08005b00   0x0000001e   Code   RO         1416    i.SD_write          sd_diskio.o
    0x08005b1e   0x0000000e   Code   RO         1024    i.SysTick_Handler   stm32f7xx_it.o
    0x08005b2c   0x000000d8   Code   RO          756    i.SystemClock_Config  main.o
    0x08005c04   0x00000054   Code   RO         1929    i.SystemInit        system_stm32f7xx.o
    0x08005c58   0x000000c4   Code   RO         6846    i.TIM_Base_SetConfig  stm32f7xx_hal_tim.o
    0x08005d1c   0x00000012   Code   RO         6853    i.TIM_ETR_SetConfig  stm32f7xx_hal_tim.o
    0x08005d2e   0x00000010   Code   RO         6854    i.TIM_ITRx_SetConfig  stm32f7xx_hal_tim.o
    0x08005d3e   0x00000002   PAD
    0x08005d40   0x00000068   Code   RO         6855    i.TIM_OC1_SetConfig  stm32f7xx_hal_tim.o
    0x08005da8   0x0000006c   Code   RO         6856    i.TIM_OC2_SetConfig  stm32f7xx_hal_tim.o
    0x08005e14   0x0000006c   Code   RO         6857    i.TIM_OC3_SetConfig  stm32f7xx_hal_tim.o
    0x08005e80   0x00000058   Code   RO         6858    i.TIM_OC4_SetConfig  stm32f7xx_hal_tim.o
    0x08005ed8   0x00000058   Code   RO         3051    i.TIM_OC5_SetConfig  stm32f7xx_hal_tim_ex.o
    0x08005f30   0x00000058   Code   RO         3052    i.TIM_OC6_SetConfig  stm32f7xx_hal_tim_ex.o
    0x08005f88   0x00000022   Code   RO         6860    i.TIM_TI1_ConfigInputStage  stm32f7xx_hal_tim.o
    0x08005faa   0x00000024   Code   RO         6862    i.TIM_TI2_ConfigInputStage  stm32f7xx_hal_tim.o
    0x08005fce   0x000000c8   Code   RO         4855    i.UART_AdvFeatureConfig  stm32f7xx_hal_uart.o
    0x08006096   0x0000004e   Code   RO         4856    i.UART_CheckIdleState  stm32f7xx_hal_uart.o
    0x080060e4   0x00000248   Code   RO         4863    i.UART_SetConfig    stm32f7xx_hal_uart.o
    0x0800632c   0x00000092   Code   RO         4865    i.UART_WaitOnFlagUntilTimeout  stm32f7xx_hal_uart.o
    0x080063be   0x00000034   Code   RO          305    i.USBH_AllocPipe    usbh_pipes.o
    0x080063f2   0x00000020   Code   RO          554    i.USBH_BulkReceiveData  usbh_ioreq.o
    0x08006412   0x00000028   Code   RO          555    i.USBH_BulkSendData  usbh_ioreq.o
    0x0800643a   0x00000024   Code   RO          350    i.USBH_CDC_ClassRequest  usbh_cdc.o
    0x0800645e   0x0000005e   Code   RO          353    i.USBH_CDC_InterfaceDeInit  usbh_cdc.o
    0x080064bc   0x00000134   Code   RO          354    i.USBH_CDC_InterfaceInit  usbh_cdc.o
    0x080065f0   0x00000002   Code   RO          355    i.USBH_CDC_LineCodingChanged  usbh_cdc.o
    0x080065f2   0x000000be   Code   RO          356    i.USBH_CDC_Process  usbh_cdc.o
    0x080066b0   0x00000002   Code   RO          358    i.USBH_CDC_ReceiveCallback  usbh_cdc.o
    0x080066b2   0x00000004   Code   RO          359    i.USBH_CDC_SOFProcess  usbh_cdc.o
    0x080066b6   0x00000002   Code   RO          363    i.USBH_CDC_TransmitCallback  usbh_cdc.o
    0x080066b8   0x0000000a   Code   RO          306    i.USBH_ClosePipe    usbh_pipes.o
    0x080066c2   0x00000022   Code   RO          466    i.USBH_ClrFeature   usbh_ctlreq.o
    0x080066e4   0x0000001e   Code   RO          556    i.USBH_CtlReceiveData  usbh_ioreq.o
    0x08006702   0x00000036   Code   RO          467    i.USBH_CtlReq       usbh_ctlreq.o
    0x08006738   0x00000028   Code   RO          557    i.USBH_CtlSendData  usbh_ioreq.o
    0x08006760   0x0000001e   Code   RO          558    i.USBH_CtlSendSetup  usbh_ioreq.o
    0x0800677e   0x00000004   Code   RO          878    i.USBH_Delay        usbh_conf.o
    0x08006782   0x00000044   Code   RO            6    i.USBH_FindInterface  usbh_core.o
    0x080067c6   0x00000018   Code   RO          307    i.USBH_FreePipe     usbh_pipes.o
    0x080067de   0x00000034   Code   RO          468    i.USBH_GetDescriptor  usbh_ctlreq.o
    0x08006812   0x0000000e   Code   RO          469    i.USBH_GetNextDesc  usbh_ctlreq.o
    0x08006820   0x0000002c   Code   RO          470    i.USBH_Get_CfgDesc  usbh_ctlreq.o
    0x0800684c   0x0000009a   Code   RO          471    i.USBH_Get_DevDesc  usbh_ctlreq.o
    0x080068e6   0x00000048   Code   RO          472    i.USBH_Get_StringDesc  usbh_ctlreq.o
    0x0800692e   0x00000172   Code   RO          473    i.USBH_HandleControl  usbh_ctlreq.o
    0x08006aa0   0x000000f2   Code   RO            9    i.USBH_HandleEnum   usbh_core.o
    0x08006b92   0x00000030   Code   RO           10    i.USBH_Init         usbh_core.o
    0x08006bc2   0x0000000e   Code   RO          879    i.USBH_LL_ClosePipe  usbh_conf.o
    0x08006bd0   0x00000028   Code   RO           11    i.USBH_LL_Connect   usbh_core.o
    0x08006bf8   0x00000038   Code   RO           12    i.USBH_LL_Disconnect  usbh_core.o
    0x08006c30   0x0000001a   Code   RO          881    i.USBH_LL_DriverVBUS  usbh_conf.o
    0x08006c4a   0x00000008   Code   RO          882    i.USBH_LL_GetLastXferSize  usbh_conf.o
    0x08006c52   0x00000022   Code   RO          883    i.USBH_LL_GetSpeed  usbh_conf.o
    0x08006c74   0x00000008   Code   RO          885    i.USBH_LL_GetURBState  usbh_conf.o
    0x08006c7c   0x0000001e   Code   RO           13    i.USBH_LL_IncTimer  usbh_core.o
    0x08006c9a   0x00000002   PAD
    0x08006c9c   0x00000048   Code   RO          886    i.USBH_LL_Init      usbh_conf.o
    0x08006ce4   0x00000018   Code   RO          887    i.USBH_LL_OpenPipe  usbh_conf.o
    0x08006cfc   0x0000000e   Code   RO          888    i.USBH_LL_ResetPort  usbh_conf.o
    0x08006d0a   0x00000006   Code   RO           14    i.USBH_LL_SetTimer  usbh_core.o
    0x08006d10   0x00000020   Code   RO          889    i.USBH_LL_SetToggle  usbh_conf.o
    0x08006d30   0x0000000e   Code   RO          890    i.USBH_LL_Start     usbh_conf.o
    0x08006d3e   0x0000000e   Code   RO          891    i.USBH_LL_Stop      usbh_conf.o
    0x08006d4c   0x00000020   Code   RO          892    i.USBH_LL_SubmitURB  usbh_conf.o
    0x08006d6c   0x00000014   Code   RO          308    i.USBH_OpenPipe     usbh_pipes.o
    0x08006d80   0x000000ea   Code   RO          474    i.USBH_ParseCfgDesc  usbh_ctlreq.o
    0x08006e6a   0x00000168   Code   RO           15    i.USBH_Process      usbh_core.o
    0x08006fd2   0x0000001e   Code   RO           17    i.USBH_RegisterClass  usbh_core.o
    0x08006ff0   0x00000016   Code   RO           18    i.USBH_SelectInterface  usbh_core.o
    0x08007006   0x0000001c   Code   RO          475    i.USBH_SetAddress   usbh_ctlreq.o
    0x08007022   0x0000001c   Code   RO          476    i.USBH_SetCfg       usbh_ctlreq.o
    0x0800703e   0x00000014   Code   RO           19    i.USBH_Start        usbh_core.o
    0x08007052   0x00000002   PAD
    0x08007054   0x00000020   Code   RO          693    i.USBH_UserProcess  usb_host.o
    0x08007074   0x00000070   Code   RO         7398    i.USB_CoreInit      stm32f7xx_ll_usb.o
    0x080070e4   0x00000038   Code   RO         7399    i.USB_CoreReset     stm32f7xx_ll_usb.o
    0x0800711c   0x0000000c   Code   RO         7405    i.USB_DisableGlobalInt  stm32f7xx_ll_usb.o
    0x08007128   0x00000040   Code   RO         7406    i.USB_DoPing        stm32f7xx_ll_usb.o
    0x08007168   0x0000002c   Code   RO         7407    i.USB_DriveVbus     stm32f7xx_ll_usb.o
    0x08007194   0x0000000c   Code   RO         7413    i.USB_EnableGlobalInt  stm32f7xx_ll_usb.o
    0x080071a0   0x00000020   Code   RO         7414    i.USB_FlushRxFifo   stm32f7xx_ll_usb.o
    0x080071c0   0x00000024   Code   RO         7415    i.USB_FlushTxFifo   stm32f7xx_ll_usb.o
    0x080071e4   0x00000008   Code   RO         7416    i.USB_GetCurrentFrame  stm32f7xx_ll_usb.o
    0x080071ec   0x0000000e   Code   RO         7418    i.USB_GetHostSpeed  stm32f7xx_ll_usb.o
    0x080071fa   0x00000008   Code   RO         7419    i.USB_GetMode       stm32f7xx_ll_usb.o
    0x08007202   0x00000178   Code   RO         7420    i.USB_HC_Halt       stm32f7xx_ll_usb.o
    0x0800737a   0x000000e6   Code   RO         7421    i.USB_HC_Init       stm32f7xx_ll_usb.o
    0x08007460   0x0000000c   Code   RO         7422    i.USB_HC_ReadInterrupt  stm32f7xx_ll_usb.o
    0x0800746c   0x00000188   Code   RO         7423    i.USB_HC_StartXfer  stm32f7xx_ll_usb.o
    0x080075f4   0x000000c4   Code   RO         7424    i.USB_HostInit      stm32f7xx_ll_usb.o
    0x080076b8   0x00000038   Code   RO         7425    i.USB_InitFSLSPClkSel  stm32f7xx_ll_usb.o
    0x080076f0   0x00000008   Code   RO         7430    i.USB_ReadInterrupts  stm32f7xx_ll_usb.o
    0x080076f8   0x0000001e   Code   RO         7431    i.USB_ReadPacket    stm32f7xx_ll_usb.o
    0x08007716   0x0000002c   Code   RO         7432    i.USB_ResetPort     stm32f7xx_ll_usb.o
    0x08007742   0x0000002c   Code   RO         7433    i.USB_SetCurrentMode  stm32f7xx_ll_usb.o
    0x0800776e   0x000000b2   Code   RO         7437    i.USB_StopHost      stm32f7xx_ll_usb.o
    0x08007820   0x0000002c   Code   RO         7438    i.USB_WritePacket   stm32f7xx_ll_usb.o
    0x0800784c   0x0000000e   Code   RO         7731    i.__scatterload_copy  mc_w.l(handlers.o)
    0x0800785a   0x00000002   Code   RO         7732    i.__scatterload_null  mc_w.l(handlers.o)
    0x0800785c   0x0000000e   Code   RO         7733    i.__scatterload_zeroinit  mc_w.l(handlers.o)
    0x0800786a   0x00000002   PAD
    0x0800786c   0x00000050   Code   RO         7683    i.free              mc_w.l(malloc.o)
    0x080078bc   0x0000017c   Code   RO          757    i.main              main.o
    0x08007a38   0x0000006c   Code   RO         7684    i.malloc            mc_w.l(malloc.o)
    0x08007aa4   0x00000014   Data   RO         1417    .constdata          sd_diskio.o
    0x08007ab8   0x00000010   Data   RO         6427    .constdata          stm32f7xx_hal_rcc.o
    0x08007ac8   0x00000004   Data   RO          364    .conststring        usbh_cdc.o
    0x08007acc   0x00000020   Data   RO         7729    Region$$Table       anon$$obj.o


    Execution Region RW_IRAM1 (Base: 0x20000000, Size: 0x00001698, Max: 0x00050000, ABSOLUTE)

    Base Addr    Size         Type   Attr      Idx    E Section Name        Object

    0x20000000   0x00000020   Data   RW          365    .data               usbh_cdc.o
    0x20000020   0x00000005   Data   RW          635    .data               fatfs.o
    0x20000025   0x00000001   Data   RW          695    .data               usb_host.o
    0x20000026   0x00000002   PAD
    0x20000028   0x0000000c   Data   RW         1119    .data               stm32f7xx_hal_msp.o
    0x20000034   0x00000001   Data   RW         1418    .data               sd_diskio.o
    0x20000035   0x00000003   PAD
    0x20000038   0x00000004   Data   RW         1931    .data               system_stm32f7xx.o
    0x2000003c   0x00000004   Data   RW         5870    .data               stm32f7xx_hal.o
    0x20000040   0x00000004   Data   RW         7725    .data               mc_w.l(mvars.o)
    0x20000044   0x00000004   Data   RW         7726    .data               mc_w.l(mvars.o)
    0x20000048   0x000003c8   Zero   RW          694    .bss                usb_host.o
    0x20000410   0x000009e8   Zero   RW          758    .bss                main.o
    0x20000df8   0x00000294   Zero   RW          893    .bss                usbh_conf.o
    0x2000108c   0x0000000c   Zero   RW         1507    .bss                ff_gen_drv.o
    0x20001098   0x00000400   Zero   RW          624    HEAP                startup_stm32f746xx.o
    0x20001498   0x00000200   Zero   RW          623    STACK               startup_stm32f746xx.o


==============================================================================

Image component sizes


      Code (inc. data)   RO Data    RW Data    ZI Data      Debug   Object Name

       176         36          0          0          0       3708   bsp_driver_sd.o
        28         10          0          5          0       2988   fatfs.o
        70          4          0          0         12       1687   ff_gen_drv.o
      2676        260          0          0       2536      13919   main.o
       208         16         20          1          0       4328   sd_diskio.o
        36          8        456          0       1536        808   startup_stm32f746xx.o
       106         12          0          4          0       3754   stm32f7xx_hal.o
       752         28          0          0          0       2871   stm32f7xx_hal_adc.o
       228         12          0          0          0      37249   stm32f7xx_hal_cortex.o
       192         10          0          0          0       1140   stm32f7xx_hal_dcmi_ex.o
      1044         64          0          0          0       5340   stm32f7xx_hal_eth.o
       492         54          0          0          0       3239   stm32f7xx_hal_gpio.o
      2234          6          0          0          0      13553   stm32f7xx_hal_hcd.o
       172          6          0          0          0       1759   stm32f7xx_hal_i2c.o
       118          0          0          0          0       1179   stm32f7xx_hal_i2c_ex.o
       802          4          0          0          0       3091   stm32f7xx_hal_ltdc.o
      2054        336          0         12          0      12766   stm32f7xx_hal_msp.o
       264         10          0          0          0       2714   stm32f7xx_hal_qspi.o
      1656         62         16          0          0       6031   stm32f7xx_hal_rcc.o
      2000         36          0          0          0       3477   stm32f7xx_hal_rcc_ex.o
      1158         14          0          0          0       7239   stm32f7xx_hal_rtc.o
        90          0          0          0          0       1273   stm32f7xx_hal_rtc_ex.o
       458          8          0          0          0       2499   stm32f7xx_hal_sai.o
       104         14          0          0          0       1705   stm32f7xx_hal_sai_ex.o
      3784         14          0          0          0      21319   stm32f7xx_hal_sd.o
        66          0          0          0          0       1197   stm32f7xx_hal_sdram.o
       124          4          0          0          0       1295   stm32f7xx_hal_spdifrx.o
       200          0          0          0          0       1287   stm32f7xx_hal_spi.o
      1062        102          0          0          0      10166   stm32f7xx_hal_tim.o
       658         38          0          0          0       4696   stm32f7xx_hal_tim_ex.o
      1114         70          0          0          0       5085   stm32f7xx_hal_uart.o
        38         12          0          0          0       1422   stm32f7xx_it.o
       224          0          0          0          0       2025   stm32f7xx_ll_fmc.o
       156          0          0          0          0       6198   stm32f7xx_ll_sdmmc.o
      2008         50          0          0          0      17315   stm32f7xx_ll_usb.o
        84         16          0          4          0       1413   system_stm32f7xx.o
        88         24          0          1        968       2586   usb_host.o
       888          6          4         32          0      12760   usbh_cdc.o
       594         30          0          0        660      10948   usbh_conf.o
       994         20          0          0          0     657148   usbh_core.o
      1084         12          0          0          0      10044   usbh_ctlreq.o
       172          0          0          0          0       4380   usbh_ioreq.o
       106          0          0          0          0       3370   usbh_pipes.o
        20          4          0          0          0        526   usbh_platform.o

    ----------------------------------------------------------------------
     30628       1412        528         64       5712     913497   Object Totals
         0          0         32          0          0          0   (incl. Generated)
        46          0          0          5          0          0   (incl. Padding)

    ----------------------------------------------------------------------

      Code (inc. data)   RO Data    RW Data    ZI Data      Debug   Library Member Name

         0          0          0          0          0          0   entry.o
         0          0          0          0          0          0   entry10a.o
         0          0          0          0          0          0   entry11a.o
         8          4          0          0          0          0   entry2.o
         4          0          0          0          0          0   entry5.o
         0          0          0          0          0          0   entry7b.o
         0          0          0          0          0          0   entry8b.o
         8          4          0          0          0          0   entry9a.o
        30          0          0          0          0          0   handlers.o
        36          8          0          0          0         68   init.o
       188         20          0          0          0        160   malloc.o
        36          0          0          0          0         68   memcpya.o
         0          0          0          8          0          0   mvars.o

    ----------------------------------------------------------------------
       312         36          0          8          0        296   Library Totals
         2          0          0          0          0          0   (incl. Padding)

    ----------------------------------------------------------------------

      Code (inc. data)   RO Data    RW Data    ZI Data      Debug   Library Name

       310         36          0          8          0        296   mc_w.l

    ----------------------------------------------------------------------
       312         36          0          8          0        296   Library Totals

    ----------------------------------------------------------------------

==============================================================================


      Code (inc. data)   RO Data    RW Data    ZI Data      Debug   

     30940       1448        528         72       5712     888193   Grand Totals
     30940       1448        528         72       5712     888193   ELF Image Totals
     30940       1448        528         72          0          0   ROM Totals

==============================================================================

    Total RO  Size (Code + RO Data)                31468 (  30.73kB)
    Total RW  Size (RW Data + ZI Data)              5784 (   5.65kB)
    Total ROM Size (Code + RO Data + RW Data)      31540 (  30.80kB)

==============================================================================

